[2026-04-06 16:56:33] INFO - Starting program in detect mode

[2026-04-06 16:56:33] INFO - Processing: sht46358.SHT (channel: SXR 15 мкм)
[2026-04-06 16:56:33] INFO - Разряд: sht46358.SHT, толщина фольги: SXR 15 мкм
[2026-04-06 16:56:33] INFO - Loading sht46358.SHT from data/raw\sht46358.SHT
[2026-04-06 16:56:33] WARNING - Warning: channel SXR 27 мкм not found in file
[2026-04-06 16:56:33] INFO - Длина сигнала в отсчетах 393216
[2026-04-06 16:56:33] INFO - Channels successfully loaded.
[2026-04-06 16:56:33] INFO - Plasma interval: 0.120874 – 0.236291 s
[2026-04-06 16:56:33] INFO - Длина плазменного интервала в отсчетах: 115418
[2026-04-06 16:56:33] INFO - Проверка на наличие пилы...
[2026-04-06 16:56:33] INFO - Signal-to-noise ratio = 1.69
[2026-04-06 16:56:33] WARNING - SNR too low: 1.69 < 2
[2026-04-06 16:56:33] WARNING - No sawtooth regime detected: skipping wavelet detection.

[2026-04-06 16:56:33] INFO - Processing: sht39627.SHT (channel: SXR 15 мкм)
[2026-04-06 16:56:33] INFO - Разряд: sht39627.SHT, толщина фольги: SXR 15 мкм
[2026-04-06 16:56:33] INFO - Loading sht39627.SHT from data/raw\sht39627.SHT
[2026-04-06 16:56:33] WARNING - Warning: channel SXR 127 мкм not found in file
[2026-04-06 16:56:33] INFO - Длина сигнала в отсчетах 393216
[2026-04-06 16:56:33] INFO - Channels successfully loaded.
[2026-04-06 16:56:33] INFO - Plasma interval: 0.119021 – 0.249488 s
[2026-04-06 16:56:33] INFO - Длина плазменного интервала в отсчетах: 130468
[2026-04-06 16:56:33] INFO - Проверка на наличие пилы...
[2026-04-06 16:56:33] INFO - Signal-to-noise ratio = 6.93
[2026-04-06 16:56:33] INFO - Карта периодов в пиле: [np.float64(0.001), np.float64(0.001), np.float64(0.001), np.float64(0.001), np.float64(0.001), np.float64(0.001), np.float64(0.001), np.float64(0.001), np.float64(0.001), np.float64(0.001), np.float64(0.002237), np.float64(0.0021509999999999997), np.float64(0.002113), np.float64(0.0021119999999999997), np.float64(0.0020889999999999997), np.float64(0.002075), np.float64(0.002), np.float64(0.0020889999999999997), np.float64(0.002067), np.float64(0.002067), np.float64(0.00207), np.float64(0.002026), np.float64(0.001)]
[2026-04-06 16:56:33] INFO - Значения score: [np.float64(0.9533582542190873), np.float64(0.9568698012811209), np.float64(0.9535285152348152), np.float64(0.9427640168254363), np.float64(0.8905264432442145), np.float64(0.8220097149984913), np.float64(0.9172512849521194), np.float64(0.9008029953398248), np.float64(0.8757832794031577), np.float64(0.7002546997444647), np.float64(0.6098076278680717), np.float64(0.7235679142827809), np.float64(0.8289059326041777), np.float64(0.8056181930967945), np.float64(0.7914904040559548), np.float64(0.7924283748830592), np.float64(0.7839859658942029), np.float64(0.8162690093134697), np.float64(0.8422228999071697), np.float64(0.8208550715987778), np.float64(0.7669436884162778), np.float64(0.6314663216316015), np.float64(0.6835531437349116)]
[2026-04-06 16:56:33] INFO - estimated_period = 0.002
[2026-04-06 16:56:33] INFO - Пиковость спектра: 17.24
[2026-04-06 16:56:33] INFO - Автокорреляция: 0.818
[2026-04-06 16:56:33] INFO - Отклонение от 1/n: 2.032
[2026-04-06 16:56:33] INFO - has saw = True
[2026-04-06 16:56:33] INFO - fft_ratio = 0.4631063833797911
[2026-04-06 16:56:33] INFO - Sawtooth detected: True
[2026-04-06 16:56:33] INFO - Estimated sawtooth period: 2.000000e-03 s
[2026-04-06 16:56:33] INFO - Wavelet-based reset detection...
[2026-04-06 16:56:33] INFO - Карта периодов в пиле: [np.float64(0.001), np.float64(0.001), np.float64(0.001), np.float64(0.001), np.float64(0.001), np.float64(0.001), np.float64(0.001), np.float64(0.001), np.float64(0.001), np.float64(0.001), np.float64(0.002237), np.float64(0.0021509999999999997), np.float64(0.002113), np.float64(0.0021119999999999997), np.float64(0.0020889999999999997), np.float64(0.002075), np.float64(0.002), np.float64(0.0020889999999999997), np.float64(0.002067), np.float64(0.002067), np.float64(0.00207), np.float64(0.002026), np.float64(0.001)]
[2026-04-06 16:56:33] INFO - Значения score: [np.float64(0.9533582542190873), np.float64(0.9568698012811209), np.float64(0.9535285152348152), np.float64(0.9427640168254363), np.float64(0.8905264432442145), np.float64(0.8220097149984913), np.float64(0.9172512849521194), np.float64(0.9008029953398248), np.float64(0.8757832794031577), np.float64(0.7002546997444647), np.float64(0.6098076278680717), np.float64(0.7235679142827809), np.float64(0.8289059326041777), np.float64(0.8056181930967945), np.float64(0.7914904040559548), np.float64(0.7924283748830592), np.float64(0.7839859658942029), np.float64(0.8162690093134697), np.float64(0.8422228999071697), np.float64(0.8208550715987778), np.float64(0.7669436884162778), np.float64(0.6314663216316015), np.float64(0.6835531437349116)]
[2026-04-06 16:56:34] INFO - Energy threshold=1.0562
[2026-04-06 16:56:34] INFO - Raw detected peaks=45
[2026-04-06 16:56:34] INFO - Applying edge margin: 0.50 ms (500 samples)
[2026-04-06 16:56:34] INFO - Peaks after edge filtering: 44
[2026-04-06 16:56:34] INFO - Final detected reset count: 44
[2026-04-06 16:56:34] INFO - Detected reset times: [0.16827  0.171006 0.17365  0.176086 0.178366 0.180616 0.182752 0.184781
 0.186852 0.18928  0.191369 0.193544 0.195646 0.197735 0.200039 0.201914
 0.203909 0.205948 0.208141 0.210271 0.212242 0.214176 0.216281 0.218213
 0.220285 0.222445 0.224557 0.226616 0.22825  0.2303   0.231472 0.232478
 0.233474 0.234432 0.235314 0.23621  0.237832 0.238675 0.239549 0.241101
 0.241967 0.242775 0.244976 0.246497]

[2026-04-06 16:56:36] INFO - Processing: sht45898.SHT (channel: SXR 127 мкм)
[2026-04-06 16:56:36] INFO - Разряд: sht45898.SHT, толщина фольги: SXR 127 мкм
[2026-04-06 16:56:36] INFO - Loading sht45898.SHT from data/raw\sht45898.SHT
[2026-04-06 16:56:36] WARNING - Warning: channel SXR 27 мкм not found in file
[2026-04-06 16:56:37] INFO - Длина сигнала в отсчетах 393216
[2026-04-06 16:56:37] INFO - Channels successfully loaded.
[2026-04-06 16:56:37] INFO - Plasma interval: 0.118823 – 0.244497 s
[2026-04-06 16:56:37] INFO - Длина плазменного интервала в отсчетах: 125675
[2026-04-06 16:56:37] INFO - Проверка на наличие пилы...
[2026-04-06 16:56:37] INFO - Signal-to-noise ratio = 5.15
[2026-04-06 16:56:37] INFO - Карта периодов в пиле: [np.float64(0.001), np.float64(0.001), np.float64(0.001004), np.float64(0.001006), np.float64(0.0010069999999999999), np.float64(0.0010069999999999999), np.float64(0.0010069999999999999), np.float64(0.0010069999999999999), np.float64(0.0010069999999999999), np.float64(0.001006), np.float64(0.001005), np.float64(0.004418), np.float64(0.004208), np.float64(0.004148), np.float64(0.004131999999999999), np.float64(0.004085), np.float64(0.00404), np.float64(0.0038299999999999996), np.float64(0.001001), np.float64(0.001001), np.float64(0.001), np.float64(0.001)]
[2026-04-06 16:56:37] INFO - Значения score: [np.float64(0.9436038256396533), np.float64(0.9465497260398578), np.float64(0.9506143868958459), np.float64(0.9506913119873259), np.float64(0.9470846816140223), np.float64(0.8908103001906404), np.float64(0.8223057196941321), np.float64(0.8327061498330146), np.float64(0.8223515769749138), np.float64(0.7995832062862134), np.float64(0.7148794477847437), np.float64(0.6943110731649804), np.float64(0.7756703826180019), np.float64(0.7546937059939338), np.float64(0.7701237336797119), np.float64(0.7772876925945051), np.float64(0.6725695674631019), np.float64(0.5754189436688788), np.float64(0.5355400340682308), np.float64(0.8043869219652493), np.float64(0.9091223411595694), np.float64(0.9522018963921292)]
[2026-04-06 16:56:37] INFO - estimated_period = 0.0010069999999999999
[2026-04-06 16:56:37] INFO - Пиковость спектра: 13.57
[2026-04-06 16:56:37] INFO - Автокорреляция: 0.811
[2026-04-06 16:56:37] INFO - Отклонение от 1/n: 0.865
[2026-04-06 16:56:37] INFO - has saw = True
[2026-04-06 16:56:37] INFO - fft_ratio = 0.31095105348037316
[2026-04-06 16:56:37] INFO - Sawtooth detected: True
[2026-04-06 16:56:37] INFO - Estimated sawtooth period: 1.007000e-03 s
[2026-04-06 16:56:37] INFO - Wavelet-based reset detection...
[2026-04-06 16:56:37] INFO - Карта периодов в пиле: [np.float64(0.001), np.float64(0.001), np.float64(0.001004), np.float64(0.001006), np.float64(0.0010069999999999999), np.float64(0.0010069999999999999), np.float64(0.0010069999999999999), np.float64(0.0010069999999999999), np.float64(0.0010069999999999999), np.float64(0.001006), np.float64(0.001005), np.float64(0.004418), np.float64(0.004208), np.float64(0.004148), np.float64(0.004131999999999999), np.float64(0.004085), np.float64(0.00404), np.float64(0.0038299999999999996), np.float64(0.001001), np.float64(0.001001), np.float64(0.001), np.float64(0.001)]
[2026-04-06 16:56:37] INFO - Значения score: [np.float64(0.9436038256396533), np.float64(0.9465497260398578), np.float64(0.9506143868958459), np.float64(0.9506913119873259), np.float64(0.9470846816140223), np.float64(0.8908103001906404), np.float64(0.8223057196941321), np.float64(0.8327061498330146), np.float64(0.8223515769749138), np.float64(0.7995832062862134), np.float64(0.7148794477847437), np.float64(0.6943110731649804), np.float64(0.7756703826180019), np.float64(0.7546937059939338), np.float64(0.7701237336797119), np.float64(0.7772876925945051), np.float64(0.6725695674631019), np.float64(0.5754189436688788), np.float64(0.5355400340682308), np.float64(0.8043869219652493), np.float64(0.9091223411595694), np.float64(0.9522018963921292)]
[2026-04-06 16:56:37] INFO - Energy threshold=1.0257
[2026-04-06 16:56:37] INFO - Raw detected peaks=16
[2026-04-06 16:56:37] INFO - Applying edge margin: 0.50 ms (500 samples)
[2026-04-06 16:56:37] INFO - Peaks after edge filtering: 16
[2026-04-06 16:56:37] INFO - Final detected reset count: 16
[2026-04-06 16:56:37] INFO - Detected reset times: [0.124314 0.125487 0.169484 0.174848 0.179579 0.184182 0.188594 0.192715
 0.196913 0.201067 0.20514  0.208982 0.213104 0.216229 0.21904  0.222055]
