[2026-04-06 15:37:21] INFO - Разряд: sht46358.SHT, толщина фольги: SXR 15 мкм
[2026-04-06 15:37:21] INFO - Loading sht46358.SHT from data/raw\sht46358.SHT
[2026-04-06 15:37:21] WARNING - Warning: channel SXR 27 мкм not found in file
[2026-04-06 15:37:21] INFO - Длина сигнала в отсчетах 393216
[2026-04-06 15:37:21] INFO - Channels successfully loaded.
[2026-04-06 15:37:21] INFO - Plasma interval: 0.120874 – 0.236291 s
[2026-04-06 15:37:21] INFO - Длина плазменного интервала в отсчетах: 115418
[2026-04-06 15:37:21] INFO - Проверка на наличие пилы...
[2026-04-06 15:37:21] INFO - Signal-to-noise ratio = 1.69
[2026-04-06 15:37:21] WARNING - SNR too low: 1.69 < 2
[2026-04-06 15:37:21] WARNING - No sawtooth regime detected: skipping wavelet detection.
[2026-04-06 15:37:21] INFO - Разряд: sht39627.SHT, толщина фольги: SXR 15 мкм
[2026-04-06 15:37:21] INFO - Loading sht39627.SHT from data/raw\sht39627.SHT
[2026-04-06 15:37:22] WARNING - Warning: channel SXR 127 мкм not found in file
[2026-04-06 15:37:22] INFO - Длина сигнала в отсчетах 393216
[2026-04-06 15:37:22] INFO - Channels successfully loaded.
[2026-04-06 15:37:22] INFO - Plasma interval: 0.119021 – 0.249488 s
[2026-04-06 15:37:22] INFO - Длина плазменного интервала в отсчетах: 130468
[2026-04-06 15:37:22] INFO - Проверка на наличие пилы...
[2026-04-06 15:37:22] INFO - Signal-to-noise ratio = 6.93
[2026-04-06 15:37:22] INFO - Карта периодов в пиле: [np.float64(0.001), np.float64(0.001), np.float64(0.001), np.float64(0.001), np.float64(0.001), np.float64(0.001), np.float64(0.001), np.float64(0.001), np.float64(0.001), np.float64(0.001), np.float64(0.002237), np.float64(0.0021509999999999997), np.float64(0.002113), np.float64(0.0021119999999999997), np.float64(0.0020889999999999997), np.float64(0.002075), np.float64(0.002), np.float64(0.0020889999999999997), np.float64(0.002067), np.float64(0.002067), np.float64(0.00207), np.float64(0.002026), np.float64(0.001)]
[2026-04-06 15:37:22] INFO - Значения score: [np.float64(0.9533582542190873), np.float64(0.9568698012811209), np.float64(0.9535285152348152), np.float64(0.9427640168254363), np.float64(0.8905264432442145), np.float64(0.8220097149984913), np.float64(0.9172512849521194), np.float64(0.9008029953398248), np.float64(0.8757832794031577), np.float64(0.7002546997444647), np.float64(0.6098076278680717), np.float64(0.7235679142827809), np.float64(0.8289059326041777), np.float64(0.8056181930967945), np.float64(0.7914904040559548), np.float64(0.7924283748830592), np.float64(0.7839859658942029), np.float64(0.8162690093134697), np.float64(0.8422228999071697), np.float64(0.8208550715987778), np.float64(0.7669436884162778), np.float64(0.6314663216316015), np.float64(0.6835531437349116)]
[2026-04-06 15:37:22] INFO - estimated_period = 0.002
[2026-04-06 15:37:22] WARNING - Гармоническое отношение: 0.4631 (46.31%) | rich spectrum (много гармоник / возможно шум)
[2026-04-06 15:37:22] INFO - Пиковость спектра: 17.24
[2026-04-06 15:37:22] INFO - Автокорреляция: 0.818
[2026-04-06 15:37:22] INFO - Отклонение от 1/n: 2.032
[2026-04-06 15:37:22] INFO - has saw = True
[2026-04-06 15:37:22] INFO - fft_ratio = 0.4631063833797911
[2026-04-06 15:37:22] INFO - Sawtooth detected: True
[2026-04-06 15:37:22] INFO - Estimated sawtooth period: 2.000000e-03 s
[2026-04-06 15:37:22] INFO - Wavelet-based reset detection...
[2026-04-06 15:37:22] INFO - Карта периодов в пиле: [np.float64(0.001), np.float64(0.001), np.float64(0.001), np.float64(0.001), np.float64(0.001), np.float64(0.001), np.float64(0.001), np.float64(0.001), np.float64(0.001), np.float64(0.001), np.float64(0.002237), np.float64(0.0021509999999999997), np.float64(0.002113), np.float64(0.0021119999999999997), np.float64(0.0020889999999999997), np.float64(0.002075), np.float64(0.002), np.float64(0.0020889999999999997), np.float64(0.002067), np.float64(0.002067), np.float64(0.00207), np.float64(0.002026), np.float64(0.001)]
[2026-04-06 15:37:22] INFO - Значения score: [np.float64(0.9533582542190873), np.float64(0.9568698012811209), np.float64(0.9535285152348152), np.float64(0.9427640168254363), np.float64(0.8905264432442145), np.float64(0.8220097149984913), np.float64(0.9172512849521194), np.float64(0.9008029953398248), np.float64(0.8757832794031577), np.float64(0.7002546997444647), np.float64(0.6098076278680717), np.float64(0.7235679142827809), np.float64(0.8289059326041777), np.float64(0.8056181930967945), np.float64(0.7914904040559548), np.float64(0.7924283748830592), np.float64(0.7839859658942029), np.float64(0.8162690093134697), np.float64(0.8422228999071697), np.float64(0.8208550715987778), np.float64(0.7669436884162778), np.float64(0.6314663216316015), np.float64(0.6835531437349116)]
[2026-04-06 15:37:22] INFO - Energy threshold=1.0562
[2026-04-06 15:37:22] INFO - Raw detected peaks=45
[2026-04-06 15:37:22] INFO - Applying edge margin: 0.50 ms (500 samples)
[2026-04-06 15:37:22] INFO - Peaks after edge filtering: 44
[2026-04-06 15:37:22] INFO - Final detected reset count: 44
[2026-04-06 15:37:22] INFO - Detected reset times: [0.16827  0.171006 0.17365  0.176086 0.178366 0.180616 0.182752 0.184781
 0.186852 0.18928  0.191369 0.193544 0.195646 0.197735 0.200039 0.201914
 0.203909 0.205948 0.208141 0.210271 0.212242 0.214176 0.216281 0.218213
 0.220285 0.222445 0.224557 0.226616 0.22825  0.2303   0.231472 0.232478
 0.233474 0.234432 0.235314 0.23621  0.237832 0.238675 0.239549 0.241101
 0.241967 0.242775 0.244976 0.246497]
[2026-04-06 15:37:27] INFO - Разряд: sht45898.SHT, толщина фольги: SXR 127 мкм
[2026-04-06 15:37:27] INFO - Loading sht45898.SHT from data/raw\sht45898.SHT
[2026-04-06 15:37:27] WARNING - Warning: channel SXR 27 мкм not found in file
[2026-04-06 15:37:27] INFO - Длина сигнала в отсчетах 393216
[2026-04-06 15:37:27] INFO - Channels successfully loaded.
[2026-04-06 15:37:27] INFO - Plasma interval: 0.118823 – 0.244497 s
[2026-04-06 15:37:27] INFO - Длина плазменного интервала в отсчетах: 125675
[2026-04-06 15:37:27] INFO - Проверка на наличие пилы...
[2026-04-06 15:37:27] INFO - Signal-to-noise ratio = 5.15
[2026-04-06 15:37:27] INFO - Карта периодов в пиле: [np.float64(0.001), np.float64(0.001), np.float64(0.001004), np.float64(0.001006), np.float64(0.0010069999999999999), np.float64(0.0010069999999999999), np.float64(0.0010069999999999999), np.float64(0.0010069999999999999), np.float64(0.0010069999999999999), np.float64(0.001006), np.float64(0.001005), np.float64(0.004418), np.float64(0.004208), np.float64(0.004148), np.float64(0.004131999999999999), np.float64(0.004085), np.float64(0.00404), np.float64(0.0038299999999999996), np.float64(0.001001), np.float64(0.001001), np.float64(0.001), np.float64(0.001)]
[2026-04-06 15:37:27] INFO - Значения score: [np.float64(0.9436038256396533), np.float64(0.9465497260398578), np.float64(0.9506143868958459), np.float64(0.9506913119873259), np.float64(0.9470846816140223), np.float64(0.8908103001906404), np.float64(0.8223057196941321), np.float64(0.8327061498330146), np.float64(0.8223515769749138), np.float64(0.7995832062862134), np.float64(0.7148794477847437), np.float64(0.6943110731649804), np.float64(0.7756703826180019), np.float64(0.7546937059939338), np.float64(0.7701237336797119), np.float64(0.7772876925945051), np.float64(0.6725695674631019), np.float64(0.5754189436688788), np.float64(0.5355400340682308), np.float64(0.8043869219652493), np.float64(0.9091223411595694), np.float64(0.9522018963921292)]
[2026-04-06 15:37:27] INFO - estimated_period = 0.0010069999999999999
[2026-04-06 15:37:27] WARNING - Гармоническое отношение: 0.3110 (31.10%) | rich spectrum (много гармоник / возможно шум)
[2026-04-06 15:37:27] INFO - Пиковость спектра: 13.57
[2026-04-06 15:37:27] INFO - Автокорреляция: 0.811
[2026-04-06 15:37:27] INFO - Отклонение от 1/n: 0.865
[2026-04-06 15:37:27] INFO - has saw = True
[2026-04-06 15:37:27] INFO - fft_ratio = 0.31095105348037316
[2026-04-06 15:37:27] INFO - Sawtooth detected: True
[2026-04-06 15:37:27] INFO - Estimated sawtooth period: 1.007000e-03 s
[2026-04-06 15:37:27] INFO - Wavelet-based reset detection...
[2026-04-06 15:37:27] INFO - Карта периодов в пиле: [np.float64(0.001), np.float64(0.001), np.float64(0.001004), np.float64(0.001006), np.float64(0.0010069999999999999), np.float64(0.0010069999999999999), np.float64(0.0010069999999999999), np.float64(0.0010069999999999999), np.float64(0.0010069999999999999), np.float64(0.001006), np.float64(0.001005), np.float64(0.004418), np.float64(0.004208), np.float64(0.004148), np.float64(0.004131999999999999), np.float64(0.004085), np.float64(0.00404), np.float64(0.0038299999999999996), np.float64(0.001001), np.float64(0.001001), np.float64(0.001), np.float64(0.001)]
[2026-04-06 15:37:27] INFO - Значения score: [np.float64(0.9436038256396533), np.float64(0.9465497260398578), np.float64(0.9506143868958459), np.float64(0.9506913119873259), np.float64(0.9470846816140223), np.float64(0.8908103001906404), np.float64(0.8223057196941321), np.float64(0.8327061498330146), np.float64(0.8223515769749138), np.float64(0.7995832062862134), np.float64(0.7148794477847437), np.float64(0.6943110731649804), np.float64(0.7756703826180019), np.float64(0.7546937059939338), np.float64(0.7701237336797119), np.float64(0.7772876925945051), np.float64(0.6725695674631019), np.float64(0.5754189436688788), np.float64(0.5355400340682308), np.float64(0.8043869219652493), np.float64(0.9091223411595694), np.float64(0.9522018963921292)]
[2026-04-06 15:37:28] INFO - Energy threshold=1.0257
[2026-04-06 15:37:28] INFO - Raw detected peaks=16
[2026-04-06 15:37:28] INFO - Applying edge margin: 0.50 ms (500 samples)
[2026-04-06 15:37:28] INFO - Peaks after edge filtering: 16
[2026-04-06 15:37:28] INFO - Final detected reset count: 16
[2026-04-06 15:37:28] INFO - Detected reset times: [0.124314 0.125487 0.169484 0.174848 0.179579 0.184182 0.188594 0.192715
 0.196913 0.201067 0.20514  0.208982 0.213104 0.216229 0.21904  0.222055]
[2026-04-06 15:37:29] INFO - Разряд: sht42465.SHT, толщина фольги: SXR 80 mkm
[2026-04-06 15:37:29] INFO - Loading sht42465.SHT from data/raw\sht42465.SHT
[2026-04-06 15:37:29] WARNING - Warning: channel SXR 27 мкм not found in file
[2026-04-06 15:37:29] INFO - Длина сигнала в отсчетах 393216
[2026-04-06 15:37:29] INFO - Channels successfully loaded.
[2026-04-06 15:37:29] INFO - Plasma interval: 0.118126 – 0.231165 s
[2026-04-06 15:37:29] INFO - Длина плазменного интервала в отсчетах: 113040
[2026-04-06 15:37:29] INFO - Проверка на наличие пилы...
[2026-04-06 15:37:29] INFO - Signal-to-noise ratio = 9.91
[2026-04-06 15:37:29] INFO - Карта периодов в пиле: [np.float64(0.001), np.float64(0.001), np.float64(0.001), np.float64(0.001), np.float64(0.001), np.float64(0.001), np.float64(0.001021), np.float64(0.001021), np.float64(0.001019), np.float64(0.001081), np.float64(0.001081), np.float64(0.001), np.float64(0.001), np.float64(0.001), np.float64(0.001), np.float64(0.001), np.float64(0.001), np.float64(0.001), np.float64(0.001)]
[2026-04-06 15:37:29] INFO - Значения score: [np.float64(0.953601857262346), np.float64(0.953517864624175), np.float64(0.9552502850123178), np.float64(0.9057565458635484), np.float64(0.8968073473178744), np.float64(0.9279855610486436), np.float64(0.9459993476941772), np.float64(0.9262952413219631), np.float64(0.9183300521479792), np.float64(0.9438950599586962), np.float64(0.9502922028486235), np.float64(0.8980571709479744), np.float64(0.9122509946919011), np.float64(0.8933601618570626), np.float64(0.8912632537884384), np.float64(0.5170468390223918), np.float64(0.6947810210929241), np.float64(0.8739663455917913), np.float64(0.9268622475937035)]
[2026-04-06 15:37:29] INFO - estimated_period = 0.001
[2026-04-06 15:37:29] WARNING - Гармоническое отношение: 0.2907 (29.07%) | multi-harmonic (возможна пила)
[2026-04-06 15:37:29] INFO - Пиковость спектра: 16.52
[2026-04-06 15:37:29] INFO - Автокорреляция: 0.889
[2026-04-06 15:37:29] INFO - Отклонение от 1/n: 1.206
[2026-04-06 15:37:29] INFO - has saw = True
[2026-04-06 15:37:29] INFO - fft_ratio = 0.29068459679971276
[2026-04-06 15:37:29] INFO - Sawtooth detected: True
[2026-04-06 15:37:29] INFO - Estimated sawtooth period: 1.000000e-03 s
[2026-04-06 15:37:29] INFO - Wavelet-based reset detection...
[2026-04-06 15:37:29] INFO - Карта периодов в пиле: [np.float64(0.001), np.float64(0.001), np.float64(0.001), np.float64(0.001), np.float64(0.001), np.float64(0.001), np.float64(0.001021), np.float64(0.001021), np.float64(0.001019), np.float64(0.001081), np.float64(0.001081), np.float64(0.001), np.float64(0.001), np.float64(0.001), np.float64(0.001), np.float64(0.001), np.float64(0.001), np.float64(0.001), np.float64(0.001)]
[2026-04-06 15:37:29] INFO - Значения score: [np.float64(0.953601857262346), np.float64(0.953517864624175), np.float64(0.9552502850123178), np.float64(0.9057565458635484), np.float64(0.8968073473178744), np.float64(0.9279855610486436), np.float64(0.9459993476941772), np.float64(0.9262952413219631), np.float64(0.9183300521479792), np.float64(0.9438950599586962), np.float64(0.9502922028486235), np.float64(0.8980571709479744), np.float64(0.9122509946919011), np.float64(0.8933601618570626), np.float64(0.8912632537884384), np.float64(0.5170468390223918), np.float64(0.6947810210929241), np.float64(0.8739663455917913), np.float64(0.9268622475937035)]
[2026-04-06 15:37:30] INFO - Energy threshold=1.1186
[2026-04-06 15:37:30] INFO - Raw detected peaks=48
[2026-04-06 15:37:30] INFO - Applying edge margin: 0.50 ms (500 samples)
[2026-04-06 15:37:30] INFO - Peaks after edge filtering: 48
[2026-04-06 15:37:30] INFO - Final detected reset count: 48
[2026-04-06 15:37:30] INFO - Detected reset times: [0.129881 0.15148  0.152609 0.154254 0.156242 0.157134 0.157988 0.159196
 0.160211 0.161282 0.162223 0.163305 0.164383 0.165461 0.166674 0.167739
 0.168706 0.169744 0.170846 0.172056 0.173255 0.174345 0.175366 0.176347
 0.177466 0.17862  0.17958  0.180664 0.181747 0.182885 0.184251 0.185476
 0.186419 0.188012 0.188933 0.190248 0.191349 0.192507 0.193448 0.195067
 0.196028 0.197118 0.199296 0.206502 0.209192 0.211113 0.213334 0.21541 ]
[2026-04-06 15:37:32] INFO - Разряд: sht43770.SHT, толщина фольги: SXR 15 мкм
[2026-04-06 15:37:32] INFO - Loading sht43770.SHT from data/raw\sht43770.SHT
[2026-04-06 15:37:32] WARNING - Warning: channel SXR 27 мкм not found in file
[2026-04-06 15:37:33] INFO - Длина сигнала в отсчетах 393216
[2026-04-06 15:37:33] INFO - Channels successfully loaded.
[2026-04-06 15:37:33] INFO - Plasma interval: 0.115902 – 0.233302 s
[2026-04-06 15:37:33] INFO - Длина плазменного интервала в отсчетах: 117401
[2026-04-06 15:37:33] INFO - Проверка на наличие пилы...
[2026-04-06 15:37:33] INFO - Signal-to-noise ratio = 9.60
[2026-04-06 15:37:33] INFO - Карта периодов в пиле: [np.float64(0.001), np.float64(0.001), np.float64(0.001), np.float64(0.001), np.float64(0.001), np.float64(0.001), np.float64(0.001), np.float64(0.001), np.float64(0.001), np.float64(0.001), np.float64(0.001), np.float64(0.001), np.float64(0.001), np.float64(0.001), np.float64(0.001), np.float64(0.001), np.float64(0.001), np.float64(0.001), np.float64(0.001), np.float64(0.001)]
[2026-04-06 15:37:33] INFO - Значения score: [np.float64(0.9565926981997991), np.float64(0.9605203783449798), np.float64(0.8882323848332893), np.float64(0.8373073557154951), np.float64(0.9499582064875342), np.float64(0.9555193474971988), np.float64(0.9565088664141357), np.float64(0.8899982691768672), np.float64(0.9354441581073836), np.float64(0.8599051890038879), np.float64(0.8522056683847687), np.float64(0.9482048000464962), np.float64(0.9789461809104935), np.float64(0.9453751219327946), np.float64(0.9123081647802134), np.float64(0.9192940660430358), np.float64(0.9468508591258928), np.float64(0.923924895526476), np.float64(0.8965021818425098), np.float64(0.9216958021538129)]
[2026-04-06 15:37:33] INFO - estimated_period = 0.001
[2026-04-06 15:37:33] WARNING - Гармоническое отношение: 0.0845 (8.45%) | weak harmonic (почти синус / мало гармоник)
[2026-04-06 15:37:33] INFO - Пиковость спектра: 31.70
[2026-04-06 15:37:33] INFO - Автокорреляция: 0.922
[2026-04-06 15:37:33] INFO - Отклонение от 1/n: 0.294
[2026-04-06 15:37:33] INFO - has saw = True
[2026-04-06 15:37:33] INFO - fft_ratio = 0.08453466907158155
[2026-04-06 15:37:33] INFO - Sawtooth detected: True
[2026-04-06 15:37:33] INFO - Estimated sawtooth period: 1.000000e-03 s
[2026-04-06 15:37:33] INFO - Wavelet-based reset detection...
[2026-04-06 15:37:33] INFO - Карта периодов в пиле: [np.float64(0.001), np.float64(0.001), np.float64(0.001), np.float64(0.001), np.float64(0.001), np.float64(0.001), np.float64(0.001), np.float64(0.001), np.float64(0.001), np.float64(0.001), np.float64(0.001), np.float64(0.001), np.float64(0.001), np.float64(0.001), np.float64(0.001), np.float64(0.001), np.float64(0.001), np.float64(0.001), np.float64(0.001), np.float64(0.001)]
[2026-04-06 15:37:33] INFO - Значения score: [np.float64(0.9565926981997991), np.float64(0.9605203783449798), np.float64(0.8882323848332893), np.float64(0.8373073557154951), np.float64(0.9499582064875342), np.float64(0.9555193474971988), np.float64(0.9565088664141357), np.float64(0.8899982691768672), np.float64(0.9354441581073836), np.float64(0.8599051890038879), np.float64(0.8522056683847687), np.float64(0.9482048000464962), np.float64(0.9789461809104935), np.float64(0.9453751219327946), np.float64(0.9123081647802134), np.float64(0.9192940660430358), np.float64(0.9468508591258928), np.float64(0.923924895526476), np.float64(0.8965021818425098), np.float64(0.9216958021538129)]
[2026-04-06 15:37:33] INFO - Energy threshold=1.0676
[2026-04-06 15:37:33] INFO - Raw detected peaks=28
[2026-04-06 15:37:33] INFO - Applying edge margin: 0.50 ms (500 samples)
[2026-04-06 15:37:33] INFO - Peaks after edge filtering: 28
[2026-04-06 15:37:33] INFO - Final detected reset count: 28
[2026-04-06 15:37:33] INFO - Detected reset times: [0.154683 0.156563 0.158427 0.160293 0.162475 0.164063 0.165474 0.166999
 0.168792 0.170358 0.171631 0.187143 0.199312 0.205478 0.207191 0.213401
 0.218248 0.219293 0.220213 0.222259 0.223396 0.224473 0.225551 0.227684
 0.228743 0.22976  0.230758 0.232786]
[2026-04-06 15:37:36] INFO - Разряд: sht43770.SHT, толщина фольги: SXR 127 мкм
[2026-04-06 15:37:36] INFO - Loading sht43770.SHT from data/raw\sht43770.SHT
[2026-04-06 15:37:36] WARNING - Warning: channel SXR 27 мкм not found in file
[2026-04-06 15:37:36] INFO - Длина сигнала в отсчетах 393216
[2026-04-06 15:37:36] INFO - Channels successfully loaded.
[2026-04-06 15:37:36] INFO - Plasma interval: 0.115902 – 0.233302 s
[2026-04-06 15:37:36] INFO - Длина плазменного интервала в отсчетах: 117401
[2026-04-06 15:37:36] INFO - Проверка на наличие пилы...
[2026-04-06 15:37:36] INFO - Signal-to-noise ratio = 4.19
[2026-04-06 15:37:36] INFO - Карта периодов в пиле: [np.float64(0.001), np.float64(0.001), np.float64(0.001), np.float64(0.001), np.float64(0.001), np.float64(0.001), np.float64(0.001), np.float64(0.001), np.float64(0.001041), np.float64(0.001), np.float64(0.0010199999999999999), np.float64(0.0010199999999999999), np.float64(0.0010199999999999999), np.float64(0.0010199999999999999), np.float64(0.0010199999999999999), np.float64(0.0010199999999999999), np.float64(0.001499), np.float64(0.001145), np.float64(0.001145), np.float64(0.001)]
[2026-04-06 15:37:36] INFO - Значения score: [np.float64(0.9514041372426407), np.float64(0.9591924741657379), np.float64(0.9179881667176238), np.float64(0.7987190683959163), np.float64(0.9119906207931505), np.float64(0.9151690553227213), np.float64(0.9255098705141888), np.float64(0.8623808556555183), np.float64(0.9258622414663061), np.float64(0.8452899769071912), np.float64(0.8387016778854938), np.float64(0.943046832628163), np.float64(0.9757507871650298), np.float64(0.9193053253148555), np.float64(0.8659692688178232), np.float64(0.7311557925063551), np.float64(0.7797243556907556), np.float64(0.826840425222665), np.float64(0.850253495337874), np.float64(0.9078441730820721)]
[2026-04-06 15:37:36] INFO - estimated_period = 0.00101
[2026-04-06 15:37:36] WARNING - Гармоническое отношение: 0.1627 (16.27%) | moderate harmonic (есть гармоники)
[2026-04-06 15:37:36] INFO - Пиковость спектра: 18.93
[2026-04-06 15:37:36] INFO - Автокорреляция: 0.883
[2026-04-06 15:37:36] INFO - Отклонение от 1/n: 1.071
[2026-04-06 15:37:36] INFO - has saw = True
[2026-04-06 15:37:36] INFO - fft_ratio = 0.1627469917111452
[2026-04-06 15:37:36] INFO - Sawtooth detected: True
[2026-04-06 15:37:36] INFO - Estimated sawtooth period: 1.010000e-03 s
[2026-04-06 15:37:36] INFO - Wavelet-based reset detection...
[2026-04-06 15:37:36] INFO - Карта периодов в пиле: [np.float64(0.001), np.float64(0.001), np.float64(0.001), np.float64(0.001), np.float64(0.001), np.float64(0.001), np.float64(0.001), np.float64(0.001), np.float64(0.001041), np.float64(0.001), np.float64(0.0010199999999999999), np.float64(0.0010199999999999999), np.float64(0.0010199999999999999), np.float64(0.0010199999999999999), np.float64(0.0010199999999999999), np.float64(0.0010199999999999999), np.float64(0.001499), np.float64(0.001145), np.float64(0.001145), np.float64(0.001)]
[2026-04-06 15:37:36] INFO - Значения score: [np.float64(0.9514041372426407), np.float64(0.9591924741657379), np.float64(0.9179881667176238), np.float64(0.7987190683959163), np.float64(0.9119906207931505), np.float64(0.9151690553227213), np.float64(0.9255098705141888), np.float64(0.8623808556555183), np.float64(0.9258622414663061), np.float64(0.8452899769071912), np.float64(0.8387016778854938), np.float64(0.943046832628163), np.float64(0.9757507871650298), np.float64(0.9193053253148555), np.float64(0.8659692688178232), np.float64(0.7311557925063551), np.float64(0.7797243556907556), np.float64(0.826840425222665), np.float64(0.850253495337874), np.float64(0.9078441730820721)]
[2026-04-06 15:37:37] INFO - Energy threshold=1.0525
[2026-04-06 15:37:37] INFO - Raw detected peaks=13
[2026-04-06 15:37:37] INFO - Applying edge margin: 0.50 ms (500 samples)
[2026-04-06 15:37:37] INFO - Peaks after edge filtering: 13
[2026-04-06 15:37:37] INFO - Final detected reset count: 13
[2026-04-06 15:37:37] INFO - Detected reset times: [0.154316 0.156586 0.158445 0.160306 0.16248  0.164103 0.167005 0.168807
 0.199351 0.207207 0.208931 0.210514 0.211984]
[2026-04-06 15:37:40] INFO - Разряд: sht46358.SHT, толщина фольги: SXR 15 мкм
[2026-04-06 15:37:40] INFO - Loading sht46358.SHT from data/raw\sht46358.SHT
[2026-04-06 15:37:41] WARNING - Warning: channel SXR 27 мкм not found in file
[2026-04-06 15:37:41] INFO - Длина сигнала в отсчетах 393216
[2026-04-06 15:37:41] INFO - Channels successfully loaded.
[2026-04-06 15:37:41] INFO - Plasma interval: 0.120874 – 0.236291 s
[2026-04-06 15:37:41] INFO - Длина плазменного интервала в отсчетах: 115418
[2026-04-06 15:37:41] INFO - Проверка на наличие пилы...
[2026-04-06 15:37:41] INFO - Signal-to-noise ratio = 1.69
[2026-04-06 15:37:41] WARNING - SNR too low: 1.69 < 2
[2026-04-06 15:37:41] WARNING - No sawtooth regime detected: skipping wavelet detection.
[2026-04-06 15:37:41] INFO - Разряд: sht45898.SHT, толщина фольги: SXR 50 mkm
[2026-04-06 15:37:41] INFO - Loading sht45898.SHT from data/raw\sht45898.SHT
[2026-04-06 15:37:41] WARNING - Warning: channel SXR 27 мкм not found in file
[2026-04-06 15:37:41] INFO - Длина сигнала в отсчетах 393216
[2026-04-06 15:37:41] INFO - Channels successfully loaded.
[2026-04-06 15:37:41] INFO - Plasma interval: 0.118823 – 0.244497 s
[2026-04-06 15:37:41] INFO - Длина плазменного интервала в отсчетах: 125675
[2026-04-06 15:37:41] INFO - Проверка на наличие пилы...
[2026-04-06 15:37:41] INFO - Signal-to-noise ratio = 6.76
[2026-04-06 15:37:41] INFO - Карта периодов в пиле: [np.float64(0.001), np.float64(0.001), np.float64(0.001), np.float64(0.001), np.float64(0.001), np.float64(0.001), np.float64(0.001), np.float64(0.001), np.float64(0.001), np.float64(0.001), np.float64(0.001), np.float64(0.004421), np.float64(0.004208), np.float64(0.004136), np.float64(0.004131), np.float64(0.004086), np.float64(0.004052), np.float64(0.0038429999999999996), np.float64(0.001), np.float64(0.001), np.float64(0.001), np.float64(0.001)]
[2026-04-06 15:37:41] INFO - Значения score: [np.float64(0.9503645256347587), np.float64(0.9529122407382747), np.float64(0.957196052896416), np.float64(0.9566092022586511), np.float64(0.9437552716240212), np.float64(0.8686122181325799), np.float64(0.8356624721419779), np.float64(0.8354258912988212), np.float64(0.8303096258210632), np.float64(0.8005770177688738), np.float64(0.7136020706933754), np.float64(0.6791634928078402), np.float64(0.7690755615929494), np.float64(0.7442523282896494), np.float64(0.7736357770558916), np.float64(0.7806996336738239), np.float64(0.6574481953478802), np.float64(0.5450382730384248), np.float64(0.5095154370392802), np.float64(0.8228355469447876), np.float64(0.9134609311550693), np.float64(0.9521193254082546)]
[2026-04-06 15:37:41] INFO - estimated_period = 0.001
[2026-04-06 15:37:41] WARNING - Гармоническое отношение: 0.2688 (26.88%) | multi-harmonic (возможна пила)
[2026-04-06 15:37:41] INFO - Пиковость спектра: 19.35
[2026-04-06 15:37:41] INFO - Автокорреляция: 0.809
[2026-04-06 15:37:41] INFO - Отклонение от 1/n: 0.489
[2026-04-06 15:37:41] INFO - has saw = True
[2026-04-06 15:37:41] INFO - fft_ratio = 0.26877582901428343
[2026-04-06 15:37:41] INFO - Sawtooth detected: True
[2026-04-06 15:37:41] INFO - Estimated sawtooth period: 1.000000e-03 s
[2026-04-06 15:37:41] INFO - Wavelet-based reset detection...
[2026-04-06 15:37:41] INFO - Карта периодов в пиле: [np.float64(0.001), np.float64(0.001), np.float64(0.001), np.float64(0.001), np.float64(0.001), np.float64(0.001), np.float64(0.001), np.float64(0.001), np.float64(0.001), np.float64(0.001), np.float64(0.001), np.float64(0.004421), np.float64(0.004208), np.float64(0.004136), np.float64(0.004131), np.float64(0.004086), np.float64(0.004052), np.float64(0.0038429999999999996), np.float64(0.001), np.float64(0.001), np.float64(0.001), np.float64(0.001)]
[2026-04-06 15:37:41] INFO - Значения score: [np.float64(0.9503645256347587), np.float64(0.9529122407382747), np.float64(0.957196052896416), np.float64(0.9566092022586511), np.float64(0.9437552716240212), np.float64(0.8686122181325799), np.float64(0.8356624721419779), np.float64(0.8354258912988212), np.float64(0.8303096258210632), np.float64(0.8005770177688738), np.float64(0.7136020706933754), np.float64(0.6791634928078402), np.float64(0.7690755615929494), np.float64(0.7442523282896494), np.float64(0.7736357770558916), np.float64(0.7806996336738239), np.float64(0.6574481953478802), np.float64(0.5450382730384248), np.float64(0.5095154370392802), np.float64(0.8228355469447876), np.float64(0.9134609311550693), np.float64(0.9521193254082546)]
[2026-04-06 15:37:41] INFO - Energy threshold=1.0145
[2026-04-06 15:37:41] INFO - Raw detected peaks=14
[2026-04-06 15:37:41] INFO - Applying edge margin: 0.50 ms (500 samples)
[2026-04-06 15:37:41] INFO - Peaks after edge filtering: 14
[2026-04-06 15:37:41] INFO - Final detected reset count: 14
[2026-04-06 15:37:41] INFO - Detected reset times: [0.169357 0.174836 0.179573 0.184179 0.18859  0.192712 0.196913 0.201061
 0.205131 0.20898  0.2131   0.216233 0.219039 0.222057]
[2026-04-06 15:37:44] INFO - Разряд: sht45898.SHT, толщина фольги: SXR 15 мкм
[2026-04-06 15:37:44] INFO - Loading sht45898.SHT from data/raw\sht45898.SHT
[2026-04-06 15:37:44] WARNING - Warning: channel SXR 27 мкм not found in file
[2026-04-06 15:37:44] INFO - Длина сигнала в отсчетах 393216
[2026-04-06 15:37:44] INFO - Channels successfully loaded.
[2026-04-06 15:37:44] INFO - Plasma interval: 0.118823 – 0.244497 s
[2026-04-06 15:37:44] INFO - Длина плазменного интервала в отсчетах: 125675
[2026-04-06 15:37:44] INFO - Проверка на наличие пилы...
[2026-04-06 15:37:44] INFO - Signal-to-noise ratio = 16.52
[2026-04-06 15:37:45] INFO - Карта периодов в пиле: [np.float64(0.001), np.float64(0.001), np.float64(0.001), np.float64(0.001), np.float64(0.001), np.float64(0.001), np.float64(0.001), np.float64(0.001), np.float64(0.001), np.float64(0.001), np.float64(0.001), np.float64(0.001), np.float64(0.001), np.float64(0.001), np.float64(0.001), np.float64(0.004071), np.float64(0.00404), np.float64(0.0038309999999999998), np.float64(0.001), np.float64(0.001), np.float64(0.001), np.float64(0.001)]
[2026-04-06 15:37:45] INFO - Значения score: [np.float64(0.9517691311839536), np.float64(0.9561508819133291), np.float64(0.9588136932235064), np.float64(0.9502376652935515), np.float64(0.9043889576015477), np.float64(0.8696631954880568), np.float64(0.9303128612114623), np.float64(0.950992567595917), np.float64(0.9358416382653786), np.float64(0.8951379402894869), np.float64(0.8890769621625844), np.float64(0.8618449524908108), np.float64(0.8495583385419064), np.float64(0.8521585196721162), np.float64(0.8234338316220664), np.float64(0.7862175883909324), np.float64(0.725460887916238), np.float64(0.5979161071440973), np.float64(0.5420540790180649), np.float64(0.7760609060857733), np.float64(0.897013249830267), np.float64(0.945727792879378)]
[2026-04-06 15:37:45] INFO - estimated_period = 0.001
[2026-04-06 15:37:45] WARNING - Гармоническое отношение: 0.1427 (14.27%) | moderate harmonic (есть гармоники)
[2026-04-06 15:37:45] INFO - Пиковость спектра: 23.29
[2026-04-06 15:37:45] INFO - Автокорреляция: 0.857
[2026-04-06 15:37:45] INFO - Отклонение от 1/n: 0.683
[2026-04-06 15:37:45] INFO - has saw = True
[2026-04-06 15:37:45] INFO - fft_ratio = 0.14274593002486702
[2026-04-06 15:37:45] INFO - Sawtooth detected: True
[2026-04-06 15:37:45] INFO - Estimated sawtooth period: 1.000000e-03 s
[2026-04-06 15:37:45] INFO - Wavelet-based reset detection...
[2026-04-06 15:37:45] INFO - Карта периодов в пиле: [np.float64(0.001), np.float64(0.001), np.float64(0.001), np.float64(0.001), np.float64(0.001), np.float64(0.001), np.float64(0.001), np.float64(0.001), np.float64(0.001), np.float64(0.001), np.float64(0.001), np.float64(0.001), np.float64(0.001), np.float64(0.001), np.float64(0.001), np.float64(0.004071), np.float64(0.00404), np.float64(0.0038309999999999998), np.float64(0.001), np.float64(0.001), np.float64(0.001), np.float64(0.001)]
[2026-04-06 15:37:45] INFO - Значения score: [np.float64(0.9517691311839536), np.float64(0.9561508819133291), np.float64(0.9588136932235064), np.float64(0.9502376652935515), np.float64(0.9043889576015477), np.float64(0.8696631954880568), np.float64(0.9303128612114623), np.float64(0.950992567595917), np.float64(0.9358416382653786), np.float64(0.8951379402894869), np.float64(0.8890769621625844), np.float64(0.8618449524908108), np.float64(0.8495583385419064), np.float64(0.8521585196721162), np.float64(0.8234338316220664), np.float64(0.7862175883909324), np.float64(0.725460887916238), np.float64(0.5979161071440973), np.float64(0.5420540790180649), np.float64(0.7760609060857733), np.float64(0.897013249830267), np.float64(0.945727792879378)]
[2026-04-06 15:37:45] INFO - Energy threshold=1.0154
[2026-04-06 15:37:45] INFO - Raw detected peaks=18
[2026-04-06 15:37:45] INFO - Applying edge margin: 0.50 ms (500 samples)
[2026-04-06 15:37:45] INFO - Peaks after edge filtering: 18
[2026-04-06 15:37:45] INFO - Final detected reset count: 18
[2026-04-06 15:37:45] INFO - Detected reset times: [0.169432 0.174825 0.179569 0.184166 0.188583 0.192704 0.19691  0.201055
 0.205123 0.208964 0.213084 0.216215 0.219022 0.22204  0.223771 0.225216
 0.226647 0.227913]
[2026-04-06 15:37:47] INFO - Разряд: sht46358.SHT, толщина фольги: SXR 50 mkm
[2026-04-06 15:37:47] INFO - Loading sht46358.SHT from data/raw\sht46358.SHT
[2026-04-06 15:37:47] WARNING - Warning: channel SXR 27 мкм not found in file
[2026-04-06 15:37:48] INFO - Длина сигнала в отсчетах 393216
[2026-04-06 15:37:48] INFO - Channels successfully loaded.
[2026-04-06 15:37:48] INFO - Plasma interval: 0.120874 – 0.236291 s
[2026-04-06 15:37:48] INFO - Длина плазменного интервала в отсчетах: 115418
[2026-04-06 15:37:48] INFO - Проверка на наличие пилы...
[2026-04-06 15:37:48] INFO - Signal-to-noise ratio = 7.96
[2026-04-06 15:37:48] INFO - Карта периодов в пиле: [np.float64(0.001), np.float64(0.001), np.float64(0.001), np.float64(0.001), np.float64(0.001), np.float64(0.001), np.float64(0.001), np.float64(0.001), np.float64(0.003845), np.float64(0.003872), np.float64(0.003916), np.float64(0.001), np.float64(0.001), np.float64(0.001), np.float64(0.001), np.float64(0.001), np.float64(0.0025), np.float64(0.001), np.float64(0.001), np.float64(0.001)]
[2026-04-06 15:37:48] INFO - Значения score: [np.float64(0.951275341449951), np.float64(0.9536970297358623), np.float64(0.9605201980954661), np.float64(0.9483267567803505), np.float64(0.867553853230268), np.float64(0.779515365435292), np.float64(0.7612919076883401), np.float64(0.7444171766771128), np.float64(0.6840535176091334), np.float64(0.6708075068088901), np.float64(0.7743589169655039), np.float64(0.7754585555223461), np.float64(0.7878785003456391), np.float64(0.8493404016119765), np.float64(0.886031427864031), np.float64(0.8643231719429502), np.float64(0.8067810132270591), np.float64(0.7228001220466932), np.float64(0.7801656580210381), np.float64(0.9097979048120484)]
[2026-04-06 15:37:48] INFO - estimated_period = 0.001
[2026-04-06 15:37:48] WARNING - Гармоническое отношение: 0.1919 (19.19%) | moderate harmonic (есть гармоники)
[2026-04-06 15:37:48] INFO - Пиковость спектра: 19.09
[2026-04-06 15:37:48] INFO - Автокорреляция: 0.824
[2026-04-06 15:37:48] INFO - Отклонение от 1/n: 0.279
[2026-04-06 15:37:48] INFO - has saw = True
[2026-04-06 15:37:48] INFO - fft_ratio = 0.1918989611343193
[2026-04-06 15:37:48] INFO - Sawtooth detected: True
[2026-04-06 15:37:48] INFO - Estimated sawtooth period: 1.000000e-03 s
[2026-04-06 15:37:48] INFO - Wavelet-based reset detection...
[2026-04-06 15:37:48] INFO - Карта периодов в пиле: [np.float64(0.001), np.float64(0.001), np.float64(0.001), np.float64(0.001), np.float64(0.001), np.float64(0.001), np.float64(0.001), np.float64(0.001), np.float64(0.003845), np.float64(0.003872), np.float64(0.003916), np.float64(0.001), np.float64(0.001), np.float64(0.001), np.float64(0.001), np.float64(0.001), np.float64(0.0025), np.float64(0.001), np.float64(0.001), np.float64(0.001)]
[2026-04-06 15:37:48] INFO - Значения score: [np.float64(0.951275341449951), np.float64(0.9536970297358623), np.float64(0.9605201980954661), np.float64(0.9483267567803505), np.float64(0.867553853230268), np.float64(0.779515365435292), np.float64(0.7612919076883401), np.float64(0.7444171766771128), np.float64(0.6840535176091334), np.float64(0.6708075068088901), np.float64(0.7743589169655039), np.float64(0.7754585555223461), np.float64(0.7878785003456391), np.float64(0.8493404016119765), np.float64(0.886031427864031), np.float64(0.8643231719429502), np.float64(0.8067810132270591), np.float64(0.7228001220466932), np.float64(0.7801656580210381), np.float64(0.9097979048120484)]
[2026-04-06 15:37:48] INFO - Energy threshold=1.0283
[2026-04-06 15:37:48] INFO - Raw detected peaks=24
[2026-04-06 15:37:48] INFO - Applying edge margin: 0.50 ms (500 samples)
[2026-04-06 15:37:48] INFO - Peaks after edge filtering: 24
[2026-04-06 15:37:48] INFO - Final detected reset count: 24
[2026-04-06 15:37:48] INFO - Detected reset times: [0.157031 0.16221  0.166543 0.170046 0.17412  0.177983 0.181983 0.186349
 0.190028 0.194187 0.198223 0.201788 0.204441 0.207136 0.210112 0.212682
 0.215176 0.217435 0.219839 0.221774 0.22382  0.225749 0.227531 0.229317]
[2026-04-06 15:37:51] INFO - Разряд: sht42465.SHT, толщина фольги: SXR 50 mkm
[2026-04-06 15:37:51] INFO - Loading sht42465.SHT from data/raw\sht42465.SHT
[2026-04-06 15:37:51] WARNING - Warning: channel SXR 27 мкм not found in file
[2026-04-06 15:37:51] INFO - Длина сигнала в отсчетах 393216
[2026-04-06 15:37:51] INFO - Channels successfully loaded.
[2026-04-06 15:37:51] INFO - Plasma interval: 0.118126 – 0.231165 s
[2026-04-06 15:37:51] INFO - Длина плазменного интервала в отсчетах: 113040
[2026-04-06 15:37:51] INFO - Проверка на наличие пилы...
[2026-04-06 15:37:51] INFO - Signal-to-noise ratio = 2.84
[2026-04-06 15:37:51] INFO - Карта периодов в пиле: [np.float64(0.001), np.float64(0.001), np.float64(0.001), np.float64(0.001), np.float64(0.001), np.float64(0.001), np.float64(0.001034), np.float64(0.001034), np.float64(0.001034), np.float64(0.001055), np.float64(0.001075), np.float64(0.001), np.float64(0.001), np.float64(0.001), np.float64(0.001), np.float64(0.001), np.float64(0.001), np.float64(0.001), np.float64(0.001)]
[2026-04-06 15:37:51] INFO - Значения score: [np.float64(0.954846946342777), np.float64(0.9549546200931637), np.float64(0.9562366547923761), np.float64(0.9085808766854766), np.float64(0.8995689206179341), np.float64(0.9266967877709615), np.float64(0.9473837191825418), np.float64(0.9253208234231245), np.float64(0.9145991369518968), np.float64(0.9425692524092953), np.float64(0.9383017939183524), np.float64(0.8655334860455198), np.float64(0.9261392896973192), np.float64(0.9246588378696285), np.float64(0.915070705175143), np.float64(0.5933179708007834), np.float64(0.6980238857947281), np.float64(0.8950019499997299), np.float64(0.934443234244433)]
[2026-04-06 15:37:51] INFO - estimated_period = 0.001
[2026-04-06 15:37:51] WARNING - Гармоническое отношение: 0.2601 (26.01%) | multi-harmonic (возможна пила)
[2026-04-06 15:37:51] INFO - Пиковость спектра: 19.31
[2026-04-06 15:37:51] INFO - Автокорреляция: 0.896
[2026-04-06 15:37:51] INFO - Отклонение от 1/n: 0.421
[2026-04-06 15:37:51] INFO - has saw = True
[2026-04-06 15:37:51] INFO - fft_ratio = 0.2600802408534105
[2026-04-06 15:37:51] INFO - Sawtooth detected: True
[2026-04-06 15:37:51] INFO - Estimated sawtooth period: 1.000000e-03 s
[2026-04-06 15:37:51] INFO - Wavelet-based reset detection...
[2026-04-06 15:37:51] INFO - Карта периодов в пиле: [np.float64(0.001), np.float64(0.001), np.float64(0.001), np.float64(0.001), np.float64(0.001), np.float64(0.001), np.float64(0.001034), np.float64(0.001034), np.float64(0.001034), np.float64(0.001055), np.float64(0.001075), np.float64(0.001), np.float64(0.001), np.float64(0.001), np.float64(0.001), np.float64(0.001), np.float64(0.001), np.float64(0.001), np.float64(0.001)]
[2026-04-06 15:37:51] INFO - Значения score: [np.float64(0.954846946342777), np.float64(0.9549546200931637), np.float64(0.9562366547923761), np.float64(0.9085808766854766), np.float64(0.8995689206179341), np.float64(0.9266967877709615), np.float64(0.9473837191825418), np.float64(0.9253208234231245), np.float64(0.9145991369518968), np.float64(0.9425692524092953), np.float64(0.9383017939183524), np.float64(0.8655334860455198), np.float64(0.9261392896973192), np.float64(0.9246588378696285), np.float64(0.915070705175143), np.float64(0.5933179708007834), np.float64(0.6980238857947281), np.float64(0.8950019499997299), np.float64(0.934443234244433)]
[2026-04-06 15:37:51] INFO - Energy threshold=1.0777
[2026-04-06 15:37:51] INFO - Raw detected peaks=47
[2026-04-06 15:37:51] INFO - Applying edge margin: 0.50 ms (500 samples)
[2026-04-06 15:37:51] INFO - Peaks after edge filtering: 47
[2026-04-06 15:37:51] INFO - Final detected reset count: 47
[2026-04-06 15:37:51] INFO - Detected reset times: [0.129876 0.15147  0.15399  0.155481 0.157124 0.157987 0.159188 0.160212
 0.161281 0.162218 0.163309 0.164385 0.165461 0.166678 0.167741 0.168701
 0.169738 0.170844 0.172061 0.173252 0.174343 0.175362 0.176347 0.17746
 0.178619 0.179578 0.180668 0.181749 0.182882 0.184236 0.185475 0.186424
 0.187621 0.188777 0.189705 0.19134  0.192485 0.193429 0.195168 0.196034
 0.197466 0.198457 0.206489 0.209189 0.211104 0.213322 0.215395]
[2026-04-06 15:37:53] INFO - Разряд: sht42465.SHT, толщина фольги: SXR 15 мкм
[2026-04-06 15:37:53] INFO - Loading sht42465.SHT from data/raw\sht42465.SHT
[2026-04-06 15:37:54] WARNING - Warning: channel SXR 27 мкм not found in file
[2026-04-06 15:37:54] INFO - Длина сигнала в отсчетах 393216
[2026-04-06 15:37:54] INFO - Channels successfully loaded.
[2026-04-06 15:37:54] INFO - Plasma interval: 0.118126 – 0.231165 s
[2026-04-06 15:37:54] INFO - Длина плазменного интервала в отсчетах: 113040
[2026-04-06 15:37:54] INFO - Проверка на наличие пилы...
[2026-04-06 15:37:54] INFO - Signal-to-noise ratio = 21.42
[2026-04-06 15:37:54] INFO - Карта периодов в пиле: [np.float64(0.001), np.float64(0.001), np.float64(0.001), np.float64(0.001), np.float64(0.001), np.float64(0.001), np.float64(0.001041), np.float64(0.001027), np.float64(0.001059), np.float64(0.001077), np.float64(0.001), np.float64(0.001), np.float64(0.001), np.float64(0.001), np.float64(0.001), np.float64(0.001), np.float64(0.001), np.float64(0.001), np.float64(0.001)]
[2026-04-06 15:37:54] INFO - Значения score: [np.float64(0.9563645136016294), np.float64(0.9556192397355244), np.float64(0.9541208809635973), np.float64(0.9147338585677746), np.float64(0.9014876023768773), np.float64(0.9076878577201904), np.float64(0.9457828504206678), np.float64(0.9057909928211018), np.float64(0.8804099355545486), np.float64(0.9205437020489305), np.float64(0.6764568170972913), np.float64(0.8431810046631072), np.float64(0.9280463284429451), np.float64(0.9397606751609104), np.float64(0.9207721934989093), np.float64(0.7394112615663492), np.float64(0.6514697188034098), np.float64(0.8889941438465904), np.float64(0.9356098976102885)]
[2026-04-06 15:37:54] INFO - estimated_period = 0.001
[2026-04-06 15:37:54] WARNING - Гармоническое отношение: 0.2307 (23.07%) | multi-harmonic (возможна пила)
[2026-04-06 15:37:54] INFO - Пиковость спектра: 22.10
[2026-04-06 15:37:54] INFO - Автокорреляция: 0.882
[2026-04-06 15:37:54] INFO - Отклонение от 1/n: 0.496
[2026-04-06 15:37:54] INFO - has saw = True
[2026-04-06 15:37:54] INFO - fft_ratio = 0.2307453270328877
[2026-04-06 15:37:54] INFO - Sawtooth detected: True
[2026-04-06 15:37:54] INFO - Estimated sawtooth period: 1.000000e-03 s
[2026-04-06 15:37:54] INFO - Wavelet-based reset detection...
[2026-04-06 15:37:54] INFO - Карта периодов в пиле: [np.float64(0.001), np.float64(0.001), np.float64(0.001), np.float64(0.001), np.float64(0.001), np.float64(0.001), np.float64(0.001041), np.float64(0.001027), np.float64(0.001059), np.float64(0.001077), np.float64(0.001), np.float64(0.001), np.float64(0.001), np.float64(0.001), np.float64(0.001), np.float64(0.001), np.float64(0.001), np.float64(0.001), np.float64(0.001)]
[2026-04-06 15:37:54] INFO - Значения score: [np.float64(0.9563645136016294), np.float64(0.9556192397355244), np.float64(0.9541208809635973), np.float64(0.9147338585677746), np.float64(0.9014876023768773), np.float64(0.9076878577201904), np.float64(0.9457828504206678), np.float64(0.9057909928211018), np.float64(0.8804099355545486), np.float64(0.9205437020489305), np.float64(0.6764568170972913), np.float64(0.8431810046631072), np.float64(0.9280463284429451), np.float64(0.9397606751609104), np.float64(0.9207721934989093), np.float64(0.7394112615663492), np.float64(0.6514697188034098), np.float64(0.8889941438465904), np.float64(0.9356098976102885)]
[2026-04-06 15:37:54] INFO - Energy threshold=1.0679
[2026-04-06 15:37:54] INFO - Raw detected peaks=44
[2026-04-06 15:37:54] INFO - Applying edge margin: 0.50 ms (500 samples)
[2026-04-06 15:37:54] INFO - Peaks after edge filtering: 44
[2026-04-06 15:37:54] INFO - Final detected reset count: 44
[2026-04-06 15:37:54] INFO - Detected reset times: [0.151459 0.152584 0.153969 0.155463 0.157097 0.157965 0.15917  0.160195
 0.161268 0.162198 0.163295 0.164377 0.165444 0.166667 0.167723 0.168685
 0.169721 0.170828 0.172053 0.17324  0.174327 0.175345 0.176328 0.177442
 0.178599 0.179559 0.180649 0.18173  0.182862 0.184224 0.185463 0.188035
 0.194826 0.196018 0.197446 0.198446 0.199298 0.202277 0.203917 0.206473
 0.209174 0.211082 0.213311 0.229928]
[2026-04-06 15:37:56] INFO - Разряд: sht46358.SHT, толщина фольги: SXR 80 mkm
[2026-04-06 15:37:56] INFO - Loading sht46358.SHT from data/raw\sht46358.SHT
[2026-04-06 15:37:56] WARNING - Warning: channel SXR 27 мкм not found in file
[2026-04-06 15:37:56] INFO - Длина сигнала в отсчетах 393216
[2026-04-06 15:37:56] INFO - Channels successfully loaded.
[2026-04-06 15:37:56] INFO - Plasma interval: 0.120874 – 0.236291 s
[2026-04-06 15:37:56] INFO - Длина плазменного интервала в отсчетах: 115418
[2026-04-06 15:37:56] INFO - Проверка на наличие пилы...
[2026-04-06 15:37:56] INFO - Signal-to-noise ratio = 0.49
[2026-04-06 15:37:56] WARNING - SNR too low: 0.49 < 2
[2026-04-06 15:37:56] WARNING - No sawtooth regime detected: skipping wavelet detection.
[2026-04-06 15:37:56] INFO - Разряд: sht46345.SHT, толщина фольги: SXR 127 мкм
[2026-04-06 15:37:56] INFO - Loading sht46345.SHT from data/raw\sht46345.SHT
[2026-04-06 15:37:56] WARNING - Warning: channel SXR 27 мкм not found in file
[2026-04-06 15:37:56] INFO - Длина сигнала в отсчетах 393216
[2026-04-06 15:37:56] INFO - Channels successfully loaded.
[2026-04-06 15:37:56] INFO - Plasma interval: 0.119456 – 0.235818 s
[2026-04-06 15:37:56] INFO - Длина плазменного интервала в отсчетах: 116363
[2026-04-06 15:37:56] INFO - Проверка на наличие пилы...
[2026-04-06 15:37:56] INFO - Signal-to-noise ratio = 20.74
[2026-04-06 15:37:57] INFO - Карта периодов в пиле: [np.float64(0.001), np.float64(0.001), np.float64(0.001), np.float64(0.0010019999999999999), np.float64(0.001003), np.float64(0.001004), np.float64(0.001004), np.float64(0.001003), np.float64(0.001), np.float64(0.001), np.float64(0.001), np.float64(0.001), np.float64(0.001), np.float64(0.003725), np.float64(0.003616), np.float64(0.001), np.float64(0.001), np.float64(0.0026279999999999997), np.float64(0.0010019999999999999), np.float64(0.0010019999999999999)]
[2026-04-06 15:37:57] INFO - Значения score: [np.float64(0.9500372411915474), np.float64(0.9515324601879916), np.float64(0.9519957101376307), np.float64(0.9551371132213585), np.float64(0.9551487467611075), np.float64(0.9480302362690424), np.float64(0.87802414355614), np.float64(0.8468062724208932), np.float64(0.8924987534554588), np.float64(0.9396407081989233), np.float64(0.9383495972962792), np.float64(0.9008478063775496), np.float64(0.8257536551603304), np.float64(0.8037899267670704), np.float64(0.8036274791392292), np.float64(0.7268386550103982), np.float64(0.6643427267273413), np.float64(0.6106020806511034), np.float64(0.8483734297880259), np.float64(0.9293271262440561)]
[2026-04-06 15:37:57] INFO - estimated_period = 0.001001
[2026-04-06 15:37:57] WARNING - Гармоническое отношение: 0.1860 (18.60%) | moderate harmonic (есть гармоники)
[2026-04-06 15:37:57] INFO - Пиковость спектра: 20.20
[2026-04-06 15:37:57] INFO - Автокорреляция: 0.866
[2026-04-06 15:37:57] INFO - Отклонение от 1/n: 1.813
[2026-04-06 15:37:57] INFO - has saw = True
[2026-04-06 15:37:57] INFO - fft_ratio = 0.18601672543297604
[2026-04-06 15:37:57] INFO - Sawtooth detected: True
[2026-04-06 15:37:57] INFO - Estimated sawtooth period: 1.001000e-03 s
[2026-04-06 15:37:57] INFO - Wavelet-based reset detection...
[2026-04-06 15:37:57] INFO - Карта периодов в пиле: [np.float64(0.001), np.float64(0.001), np.float64(0.001), np.float64(0.0010019999999999999), np.float64(0.001003), np.float64(0.001004), np.float64(0.001004), np.float64(0.001003), np.float64(0.001), np.float64(0.001), np.float64(0.001), np.float64(0.001), np.float64(0.001), np.float64(0.003725), np.float64(0.003616), np.float64(0.001), np.float64(0.001), np.float64(0.0026279999999999997), np.float64(0.0010019999999999999), np.float64(0.0010019999999999999)]
[2026-04-06 15:37:57] INFO - Значения score: [np.float64(0.9500372411915474), np.float64(0.9515324601879916), np.float64(0.9519957101376307), np.float64(0.9551371132213585), np.float64(0.9551487467611075), np.float64(0.9480302362690424), np.float64(0.87802414355614), np.float64(0.8468062724208932), np.float64(0.8924987534554588), np.float64(0.9396407081989233), np.float64(0.9383495972962792), np.float64(0.9008478063775496), np.float64(0.8257536551603304), np.float64(0.8037899267670704), np.float64(0.8036274791392292), np.float64(0.7268386550103982), np.float64(0.6643427267273413), np.float64(0.6106020806511034), np.float64(0.8483734297880259), np.float64(0.9293271262440561)]
[2026-04-06 15:37:57] INFO - Energy threshold=1.0158
[2026-04-06 15:37:57] INFO - Raw detected peaks=14
[2026-04-06 15:37:57] INFO - Applying edge margin: 0.50 ms (500 samples)
[2026-04-06 15:37:57] INFO - Peaks after edge filtering: 14
[2026-04-06 15:37:57] INFO - Final detected reset count: 14
[2026-04-06 15:37:57] INFO - Detected reset times: [0.183941 0.186487 0.190233 0.194537 0.19846  0.20205  0.205673 0.208486
 0.211103 0.213808 0.216189 0.218844 0.221647 0.223608]
[2026-04-06 15:37:58] INFO - Разряд: sht44335.SHT, толщина фольги: SXR 127 мкм
[2026-04-06 15:37:58] INFO - Loading sht44335.SHT from data/raw\sht44335.SHT
[2026-04-06 15:37:59] WARNING - Warning: channel SXR 27 мкм not found in file
[2026-04-06 15:37:59] INFO - Длина сигнала в отсчетах 393216
[2026-04-06 15:37:59] INFO - Channels successfully loaded.
[2026-04-06 15:37:59] INFO - Plasma interval: 0.117516 – 0.176489 s
[2026-04-06 15:37:59] INFO - Длина плазменного интервала в отсчетах: 58974
[2026-04-06 15:37:59] INFO - Проверка на наличие пилы...
[2026-04-06 15:37:59] INFO - Signal-to-noise ratio = 2.68
[2026-04-06 15:37:59] INFO - Карта периодов в пиле: [np.float64(0.001), np.float64(0.001), np.float64(0.001), np.float64(0.001), np.float64(0.001), np.float64(0.001), np.float64(0.001), np.float64(0.001)]
[2026-04-06 15:37:59] INFO - Значения score: [np.float64(0.9486919229977907), np.float64(0.9535411755727752), np.float64(0.9490689614214122), np.float64(0.9123977397309326), np.float64(0.7794537546405124), np.float64(0.8388601641532767), np.float64(0.9116056309360886), np.float64(0.9149757354117133)]
[2026-04-06 15:37:59] INFO - estimated_period = 0.001
[2026-04-06 15:37:59] WARNING - Гармоническое отношение: 0.0950 (9.50%) | weak harmonic (почти синус / мало гармоник)
[2026-04-06 15:37:59] INFO - Пиковость спектра: 18.09
[2026-04-06 15:37:59] INFO - Автокорреляция: 0.901
[2026-04-06 15:37:59] INFO - Отклонение от 1/n: 1.454
[2026-04-06 15:37:59] INFO - has saw = True
[2026-04-06 15:37:59] INFO - fft_ratio = 0.09495292120138885
[2026-04-06 15:37:59] INFO - Sawtooth detected: True
[2026-04-06 15:37:59] INFO - Estimated sawtooth period: 1.000000e-03 s
[2026-04-06 15:37:59] INFO - Wavelet-based reset detection...
[2026-04-06 15:37:59] INFO - Карта периодов в пиле: [np.float64(0.001), np.float64(0.001), np.float64(0.001), np.float64(0.001), np.float64(0.001), np.float64(0.001), np.float64(0.001), np.float64(0.001)]
[2026-04-06 15:37:59] INFO - Значения score: [np.float64(0.9486919229977907), np.float64(0.9535411755727752), np.float64(0.9490689614214122), np.float64(0.9123977397309326), np.float64(0.7794537546405124), np.float64(0.8388601641532767), np.float64(0.9116056309360886), np.float64(0.9149757354117133)]
[2026-04-06 15:37:59] INFO - Energy threshold=1.0437
[2026-04-06 15:37:59] INFO - Raw detected peaks=8
[2026-04-06 15:37:59] INFO - Applying edge margin: 0.50 ms (500 samples)
[2026-04-06 15:37:59] INFO - Peaks after edge filtering: 8
[2026-04-06 15:37:59] INFO - Final detected reset count: 8
[2026-04-06 15:37:59] INFO - Detected reset times: [0.153759 0.158642 0.161224 0.162231 0.165247 0.166245 0.167334 0.16839 ]
[2026-04-06 15:38:02] INFO - Разряд: sht44335.SHT, толщина фольги: SXR 50 mkm
[2026-04-06 15:38:02] INFO - Loading sht44335.SHT from data/raw\sht44335.SHT
[2026-04-06 15:38:02] WARNING - Warning: channel SXR 27 мкм not found in file
[2026-04-06 15:38:02] INFO - Длина сигнала в отсчетах 393216
[2026-04-06 15:38:02] INFO - Channels successfully loaded.
[2026-04-06 15:38:02] INFO - Plasma interval: 0.117516 – 0.176489 s
[2026-04-06 15:38:02] INFO - Длина плазменного интервала в отсчетах: 58974
[2026-04-06 15:38:02] INFO - Проверка на наличие пилы...
[2026-04-06 15:38:02] INFO - Signal-to-noise ratio = 4.10
[2026-04-06 15:38:02] INFO - Карта периодов в пиле: [np.float64(0.001), np.float64(0.001), np.float64(0.001), np.float64(0.001), np.float64(0.001), np.float64(0.001), np.float64(0.001), np.float64(0.001)]
[2026-04-06 15:38:02] INFO - Значения score: [np.float64(0.9530451317802786), np.float64(0.9592276287263561), np.float64(0.9522757790439834), np.float64(0.9153445056525715), np.float64(0.7814842828429392), np.float64(0.8493579635529593), np.float64(0.8881746508377696), np.float64(0.9100939312334398)]
[2026-04-06 15:38:02] INFO - estimated_period = 0.001
[2026-04-06 15:38:02] WARNING - Гармоническое отношение: 0.0592 (5.92%) | weak harmonic (почти синус / мало гармоник)
[2026-04-06 15:38:02] INFO - Пиковость спектра: 26.77
[2026-04-06 15:38:02] INFO - Автокорреляция: 0.901
[2026-04-06 15:38:02] INFO - Отклонение от 1/n: 1.117
[2026-04-06 15:38:02] INFO - has saw = True
[2026-04-06 15:38:02] INFO - fft_ratio = 0.05919228562788509
[2026-04-06 15:38:02] INFO - Sawtooth detected: True
[2026-04-06 15:38:02] INFO - Estimated sawtooth period: 1.000000e-03 s
[2026-04-06 15:38:02] INFO - Wavelet-based reset detection...
[2026-04-06 15:38:02] INFO - Карта периодов в пиле: [np.float64(0.001), np.float64(0.001), np.float64(0.001), np.float64(0.001), np.float64(0.001), np.float64(0.001), np.float64(0.001), np.float64(0.001)]
[2026-04-06 15:38:02] INFO - Значения score: [np.float64(0.9530451317802786), np.float64(0.9592276287263561), np.float64(0.9522757790439834), np.float64(0.9153445056525715), np.float64(0.7814842828429392), np.float64(0.8493579635529593), np.float64(0.8881746508377696), np.float64(0.9100939312334398)]
[2026-04-06 15:38:02] INFO - Energy threshold=1.0241
[2026-04-06 15:38:02] INFO - Raw detected peaks=12
[2026-04-06 15:38:02] INFO - Applying edge margin: 0.50 ms (500 samples)
[2026-04-06 15:38:02] INFO - Peaks after edge filtering: 12
[2026-04-06 15:38:02] INFO - Final detected reset count: 12
[2026-04-06 15:38:02] INFO - Detected reset times: [0.150683 0.153628 0.161072 0.162214 0.165238 0.166268 0.167333 0.168391
 0.169795 0.171353 0.172406 0.175106]
[2026-04-06 15:38:06] INFO - Разряд: sht44335.SHT, толщина фольги: SXR 15 мкм
[2026-04-06 15:38:06] INFO - Loading sht44335.SHT from data/raw\sht44335.SHT
[2026-04-06 15:38:06] WARNING - Warning: channel SXR 27 мкм not found in file
[2026-04-06 15:38:06] INFO - Длина сигнала в отсчетах 393216
[2026-04-06 15:38:06] INFO - Channels successfully loaded.
[2026-04-06 15:38:06] INFO - Plasma interval: 0.117516 – 0.176489 s
[2026-04-06 15:38:06] INFO - Длина плазменного интервала в отсчетах: 58974
[2026-04-06 15:38:06] INFO - Проверка на наличие пилы...
[2026-04-06 15:38:06] INFO - Signal-to-noise ratio = 8.88
[2026-04-06 15:38:06] INFO - Карта периодов в пиле: [np.float64(0.001), np.float64(0.001), np.float64(0.001), np.float64(0.001), np.float64(0.001), np.float64(0.001), np.float64(0.001), np.float64(0.001)]
[2026-04-06 15:38:06] INFO - Значения score: [np.float64(0.9544116877708924), np.float64(0.9592640200429866), np.float64(0.9486877929136032), np.float64(0.9124113156301068), np.float64(0.7998657594314391), np.float64(0.8405338594282346), np.float64(0.7724843431185535), np.float64(0.9212962493009922)]
[2026-04-06 15:38:06] INFO - estimated_period = 0.001
[2026-04-06 15:38:06] WARNING - Гармоническое отношение: 0.0338 (3.38%) | weak harmonic (почти синус / мало гармоник)
[2026-04-06 15:38:06] INFO - Пиковость спектра: 33.53
[2026-04-06 15:38:06] INFO - Автокорреляция: 0.889
[2026-04-06 15:38:06] INFO - Отклонение от 1/n: 1.879
[2026-04-06 15:38:06] INFO - has saw = True
[2026-04-06 15:38:06] INFO - fft_ratio = 0.03384746672446973
[2026-04-06 15:38:06] INFO - Sawtooth detected: True
[2026-04-06 15:38:06] INFO - Estimated sawtooth period: 1.000000e-03 s
[2026-04-06 15:38:06] INFO - Wavelet-based reset detection...
[2026-04-06 15:38:06] INFO - Карта периодов в пиле: [np.float64(0.001), np.float64(0.001), np.float64(0.001), np.float64(0.001), np.float64(0.001), np.float64(0.001), np.float64(0.001), np.float64(0.001)]
[2026-04-06 15:38:06] INFO - Значения score: [np.float64(0.9544116877708924), np.float64(0.9592640200429866), np.float64(0.9486877929136032), np.float64(0.9124113156301068), np.float64(0.7998657594314391), np.float64(0.8405338594282346), np.float64(0.7724843431185535), np.float64(0.9212962493009922)]
[2026-04-06 15:38:06] INFO - Energy threshold=1.0255
[2026-04-06 15:38:06] INFO - Raw detected peaks=10
[2026-04-06 15:38:06] INFO - Applying edge margin: 0.50 ms (500 samples)
[2026-04-06 15:38:06] INFO - Peaks after edge filtering: 10
[2026-04-06 15:38:06] INFO - Final detected reset count: 10
[2026-04-06 15:38:06] INFO - Detected reset times: [0.150817 0.153726 0.162205 0.165218 0.166463 0.169841 0.171342 0.172392
 0.173416 0.175093]
[2026-04-06 15:38:09] INFO - Разряд: sht38596.SHT, толщина фольги: SXR 15 мкм
[2026-04-06 15:38:09] INFO - Loading sht38596.SHT from data/raw\sht38596.SHT
[2026-04-06 15:38:09] WARNING - Warning: channel SXR 127 мкм not found in file
[2026-04-06 15:38:09] INFO - Длина сигнала в отсчетах 393216
[2026-04-06 15:38:09] INFO - Channels successfully loaded.
[2026-04-06 15:38:09] INFO - Plasma interval: 0.118279 – 0.240430 s
[2026-04-06 15:38:09] INFO - Длина плазменного интервала в отсчетах: 122152
[2026-04-06 15:38:09] INFO - Проверка на наличие пилы...
[2026-04-06 15:38:09] INFO - Signal-to-noise ratio = 1.92
[2026-04-06 15:38:09] WARNING - SNR too low: 1.92 < 2
[2026-04-06 15:38:09] WARNING - No sawtooth regime detected: skipping wavelet detection.
[2026-04-06 15:38:09] INFO - Разряд: sht37622.SHT, толщина фольги: SXR 50 mkm
[2026-04-06 15:38:09] INFO - Loading sht37622.SHT from data/raw\sht37622.SHT
[2026-04-06 15:38:10] WARNING - Warning: channel SXR 127 мкм not found in file
[2026-04-06 15:38:10] INFO - Длина сигнала в отсчетах 262144
[2026-04-06 15:38:10] INFO - Channels successfully loaded.
[2026-04-06 15:38:10] INFO - Plasma interval: 0.116237 – 0.215863 s
[2026-04-06 15:38:10] INFO - Длина плазменного интервала в отсчетах: 99627
[2026-04-06 15:38:10] INFO - Проверка на наличие пилы...
[2026-04-06 15:38:10] INFO - Signal-to-noise ratio = 8.88
[2026-04-06 15:38:10] INFO - Карта периодов в пиле: [np.float64(0.001), np.float64(0.001), np.float64(0.001), np.float64(0.001), np.float64(0.001), np.float64(0.001), np.float64(0.001), np.float64(0.001), np.float64(0.001), np.float64(0.001), np.float64(0.001), np.float64(0.001), np.float64(0.001), np.float64(0.001), np.float64(0.001), np.float64(0.001)]
[2026-04-06 15:38:10] INFO - Значения score: [np.float64(0.9066567448919048), np.float64(0.927604714285949), np.float64(0.9286207306310128), np.float64(0.869873526859024), np.float64(0.8427102541087459), np.float64(0.7642586711196355), np.float64(0.8841426121443954), np.float64(0.8994935280933963), np.float64(0.9416396420802293), np.float64(0.942672753485192), np.float64(0.9238146612927235), np.float64(0.8867066737909068), np.float64(0.8747173457902967), np.float64(0.8640769679708716), np.float64(0.8093317845347942), np.float64(0.8513824144287732)]
[2026-04-06 15:38:10] INFO - estimated_period = 0.001
[2026-04-06 15:38:10] WARNING - Гармоническое отношение: 0.1798 (17.98%) | moderate harmonic (есть гармоники)
[2026-04-06 15:38:10] INFO - Пиковость спектра: 11.09
[2026-04-06 15:38:10] INFO - Автокорреляция: 0.882
[2026-04-06 15:38:10] INFO - Отклонение от 1/n: 4.735
[2026-04-06 15:38:10] INFO - has saw = False
[2026-04-06 15:38:10] WARNING - No sawtooth detected.
[2026-04-06 15:38:10] WARNING - No sawtooth regime detected: skipping wavelet detection.
[2026-04-06 15:38:10] INFO - Разряд: sht37622.SHT, толщина фольги: SXR 15 мкм
[2026-04-06 15:38:10] INFO - Loading sht37622.SHT from data/raw\sht37622.SHT
[2026-04-06 15:38:10] WARNING - Warning: channel SXR 127 мкм not found in file
[2026-04-06 15:38:10] INFO - Длина сигнала в отсчетах 262144
[2026-04-06 15:38:10] INFO - Channels successfully loaded.
[2026-04-06 15:38:10] INFO - Plasma interval: 0.116237 – 0.215863 s
[2026-04-06 15:38:10] INFO - Длина плазменного интервала в отсчетах: 99627
[2026-04-06 15:38:10] INFO - Проверка на наличие пилы...
[2026-04-06 15:38:10] INFO - Signal-to-noise ratio = 15.52
[2026-04-06 15:38:10] INFO - Карта периодов в пиле: [np.float64(0.001), np.float64(0.001), np.float64(0.001), np.float64(0.001), np.float64(0.001), np.float64(0.001), np.float64(0.001), np.float64(0.001), np.float64(0.001139), np.float64(0.001116), np.float64(0.001071), np.float64(0.0011489999999999998), np.float64(0.0011719999999999999), np.float64(0.0011799999999999998), np.float64(0.0011639999999999999), np.float64(0.0011409999999999999)]
[2026-04-06 15:38:10] INFO - Значения score: [np.float64(0.9513965012868179), np.float64(0.9547408855895204), np.float64(0.9603444435655424), np.float64(0.9518558881969226), np.float64(0.9066109125687498), np.float64(0.8047558439350495), np.float64(0.8996691962327149), np.float64(0.9236790844814426), np.float64(0.9245789281637788), np.float64(0.8943573949423882), np.float64(0.8586690522370085), np.float64(0.8252802409790114), np.float64(0.8202839758413418), np.float64(0.7564923804891847), np.float64(0.7222441531279588), np.float64(0.7061901613461969)]
[2026-04-06 15:38:10] INFO - estimated_period = 0.0010355
[2026-04-06 15:38:10] WARNING - Гармоническое отношение: 0.2939 (29.39%) | multi-harmonic (возможна пила)
[2026-04-06 15:38:10] INFO - Пиковость спектра: 12.63
[2026-04-06 15:38:10] INFO - Автокорреляция: 0.866
[2026-04-06 15:38:10] INFO - Отклонение от 1/n: 23.538
[2026-04-06 15:38:10] INFO - has saw = False
[2026-04-06 15:38:10] WARNING - No sawtooth detected.
[2026-04-06 15:38:10] WARNING - No sawtooth regime detected: skipping wavelet detection.
[2026-04-06 15:38:10] INFO - Разряд: sht46345.SHT, толщина фольги: SXR 50 mkm
[2026-04-06 15:38:10] INFO - Loading sht46345.SHT from data/raw\sht46345.SHT
[2026-04-06 15:38:10] WARNING - Warning: channel SXR 27 мкм not found in file
[2026-04-06 15:38:10] INFO - Длина сигнала в отсчетах 393216
[2026-04-06 15:38:10] INFO - Channels successfully loaded.
[2026-04-06 15:38:10] INFO - Plasma interval: 0.119456 – 0.235818 s
[2026-04-06 15:38:10] INFO - Длина плазменного интервала в отсчетах: 116363
[2026-04-06 15:38:10] INFO - Проверка на наличие пилы...
[2026-04-06 15:38:10] INFO - Signal-to-noise ratio = 22.12
[2026-04-06 15:38:10] INFO - Карта периодов в пиле: [np.float64(0.001), np.float64(0.001), np.float64(0.001), np.float64(0.001), np.float64(0.001), np.float64(0.001), np.float64(0.001), np.float64(0.001), np.float64(0.001), np.float64(0.001), np.float64(0.001), np.float64(0.001), np.float64(0.001), np.float64(0.0036309999999999997), np.float64(0.003614), np.float64(0.001), np.float64(0.001), np.float64(0.002629), np.float64(0.001), np.float64(0.001)]
[2026-04-06 15:38:10] INFO - Значения score: [np.float64(0.9505580464837621), np.float64(0.952062839403987), np.float64(0.9527078391569076), np.float64(0.9552209483712513), np.float64(0.9553496562023535), np.float64(0.9455797334981685), np.float64(0.8696869318881781), np.float64(0.8549336209875222), np.float64(0.8951540669835789), np.float64(0.9452123564935542), np.float64(0.9422137450312694), np.float64(0.905856456726267), np.float64(0.8177117632173359), np.float64(0.7838805914144832), np.float64(0.8066400423658059), np.float64(0.7087599058517805), np.float64(0.6381681857370639), np.float64(0.6023190061978914), np.float64(0.8271654178699511), np.float64(0.9228294080729924)]
[2026-04-06 15:38:10] INFO - estimated_period = 0.001
[2026-04-06 15:38:11] WARNING - Гармоническое отношение: 0.1495 (14.95%) | moderate harmonic (есть гармоники)
[2026-04-06 15:38:11] INFO - Пиковость спектра: 28.24
[2026-04-06 15:38:11] INFO - Автокорреляция: 0.862
[2026-04-06 15:38:11] INFO - Отклонение от 1/n: 1.124
[2026-04-06 15:38:11] INFO - has saw = True
[2026-04-06 15:38:11] INFO - fft_ratio = 0.14951742432104626
[2026-04-06 15:38:11] INFO - Sawtooth detected: True
[2026-04-06 15:38:11] INFO - Estimated sawtooth period: 1.000000e-03 s
[2026-04-06 15:38:11] INFO - Wavelet-based reset detection...
[2026-04-06 15:38:11] INFO - Карта периодов в пиле: [np.float64(0.001), np.float64(0.001), np.float64(0.001), np.float64(0.001), np.float64(0.001), np.float64(0.001), np.float64(0.001), np.float64(0.001), np.float64(0.001), np.float64(0.001), np.float64(0.001), np.float64(0.001), np.float64(0.001), np.float64(0.0036309999999999997), np.float64(0.003614), np.float64(0.001), np.float64(0.001), np.float64(0.002629), np.float64(0.001), np.float64(0.001)]
[2026-04-06 15:38:11] INFO - Значения score: [np.float64(0.9505580464837621), np.float64(0.952062839403987), np.float64(0.9527078391569076), np.float64(0.9552209483712513), np.float64(0.9553496562023535), np.float64(0.9455797334981685), np.float64(0.8696869318881781), np.float64(0.8549336209875222), np.float64(0.8951540669835789), np.float64(0.9452123564935542), np.float64(0.9422137450312694), np.float64(0.905856456726267), np.float64(0.8177117632173359), np.float64(0.7838805914144832), np.float64(0.8066400423658059), np.float64(0.7087599058517805), np.float64(0.6381681857370639), np.float64(0.6023190061978914), np.float64(0.8271654178699511), np.float64(0.9228294080729924)]
[2026-04-06 15:38:11] INFO - Energy threshold=1.0121
[2026-04-06 15:38:11] INFO - Raw detected peaks=14
[2026-04-06 15:38:11] INFO - Applying edge margin: 0.50 ms (500 samples)
[2026-04-06 15:38:11] INFO - Peaks after edge filtering: 14
[2026-04-06 15:38:11] INFO - Final detected reset count: 14
[2026-04-06 15:38:11] INFO - Detected reset times: [0.183931 0.186481 0.190229 0.19453  0.198455 0.202047 0.205671 0.20848
 0.211098 0.213804 0.216183 0.218838 0.221644 0.223608]
[2026-04-06 15:38:13] INFO - Разряд: sht46351.SHT, толщина фольги: SXR 127 мкм
[2026-04-06 15:38:13] INFO - Loading sht46351.SHT from data/raw\sht46351.SHT
[2026-04-06 15:38:13] WARNING - Warning: channel SXR 27 мкм not found in file
[2026-04-06 15:38:13] INFO - Длина сигнала в отсчетах 393216
[2026-04-06 15:38:13] INFO - Channels successfully loaded.
[2026-04-06 15:38:13] INFO - Plasma interval: 0.119987 – 0.235567 s
[2026-04-06 15:38:13] INFO - Длина плазменного интервала в отсчетах: 115581
[2026-04-06 15:38:13] INFO - Проверка на наличие пилы...
[2026-04-06 15:38:13] INFO - Signal-to-noise ratio = 15.55
[2026-04-06 15:38:13] INFO - Карта периодов в пиле: [np.float64(0.001), np.float64(0.001), np.float64(0.001), np.float64(0.001), np.float64(0.001), np.float64(0.001), np.float64(0.001), np.float64(0.001), np.float64(0.001), np.float64(0.001), np.float64(0.001), np.float64(0.001), np.float64(0.001), np.float64(0.001), np.float64(0.001), np.float64(0.001), np.float64(0.001), np.float64(0.001), np.float64(0.001), np.float64(0.001)]
[2026-04-06 15:38:13] INFO - Значения score: [np.float64(0.95010280841062), np.float64(0.9511375529660758), np.float64(0.9527509121380736), np.float64(0.9567538827630505), np.float64(0.9553818148933318), np.float64(0.9416080986440913), np.float64(0.8786854676303438), np.float64(0.8657754176245974), np.float64(0.8904519934681607), np.float64(0.9141462645368488), np.float64(0.9237440062346957), np.float64(0.886196593655071), np.float64(0.8516704564010471), np.float64(0.7953602771704057), np.float64(0.7376223127214157), np.float64(0.7788606946341406), np.float64(0.642637697577146), np.float64(0.7138432902270883), np.float64(0.8793080424481207), np.float64(0.9340733074497299)]
[2026-04-06 15:38:13] INFO - estimated_period = 0.001
[2026-04-06 15:38:13] WARNING - Гармоническое отношение: 0.0948 (9.48%) | weak harmonic (почти синус / мало гармоник)
[2026-04-06 15:38:13] INFO - Пиковость спектра: 19.23
[2026-04-06 15:38:13] INFO - Автокорреляция: 0.870
[2026-04-06 15:38:13] INFO - Отклонение от 1/n: 2.280
[2026-04-06 15:38:13] INFO - has saw = True
[2026-04-06 15:38:13] INFO - fft_ratio = 0.09482957252627507
[2026-04-06 15:38:13] INFO - Sawtooth detected: True
[2026-04-06 15:38:13] INFO - Estimated sawtooth period: 1.000000e-03 s
[2026-04-06 15:38:13] INFO - Wavelet-based reset detection...
[2026-04-06 15:38:13] INFO - Карта периодов в пиле: [np.float64(0.001), np.float64(0.001), np.float64(0.001), np.float64(0.001), np.float64(0.001), np.float64(0.001), np.float64(0.001), np.float64(0.001), np.float64(0.001), np.float64(0.001), np.float64(0.001), np.float64(0.001), np.float64(0.001), np.float64(0.001), np.float64(0.001), np.float64(0.001), np.float64(0.001), np.float64(0.001), np.float64(0.001), np.float64(0.001)]
[2026-04-06 15:38:13] INFO - Значения score: [np.float64(0.95010280841062), np.float64(0.9511375529660758), np.float64(0.9527509121380736), np.float64(0.9567538827630505), np.float64(0.9553818148933318), np.float64(0.9416080986440913), np.float64(0.8786854676303438), np.float64(0.8657754176245974), np.float64(0.8904519934681607), np.float64(0.9141462645368488), np.float64(0.9237440062346957), np.float64(0.886196593655071), np.float64(0.8516704564010471), np.float64(0.7953602771704057), np.float64(0.7376223127214157), np.float64(0.7788606946341406), np.float64(0.642637697577146), np.float64(0.7138432902270883), np.float64(0.8793080424481207), np.float64(0.9340733074497299)]
[2026-04-06 15:38:13] INFO - Energy threshold=1.0031
[2026-04-06 15:38:13] INFO - Raw detected peaks=5
[2026-04-06 15:38:13] INFO - Applying edge margin: 0.50 ms (500 samples)
[2026-04-06 15:38:13] INFO - Peaks after edge filtering: 5
[2026-04-06 15:38:13] INFO - Final detected reset count: 5
[2026-04-06 15:38:13] INFO - Detected reset times: [0.194783 0.199506 0.20511  0.207801 0.210404]
[2026-04-06 15:38:15] INFO - Разряд: sht46351.SHT, толщина фольги: SXR 50 mkm
[2026-04-06 15:38:15] INFO - Loading sht46351.SHT from data/raw\sht46351.SHT
[2026-04-06 15:38:15] WARNING - Warning: channel SXR 27 мкм not found in file
[2026-04-06 15:38:15] INFO - Длина сигнала в отсчетах 393216
[2026-04-06 15:38:15] INFO - Channels successfully loaded.
[2026-04-06 15:38:15] INFO - Plasma interval: 0.119987 – 0.235567 s
[2026-04-06 15:38:15] INFO - Длина плазменного интервала в отсчетах: 115581
[2026-04-06 15:38:15] INFO - Проверка на наличие пилы...
[2026-04-06 15:38:15] INFO - Signal-to-noise ratio = 17.31
[2026-04-06 15:38:16] INFO - Карта периодов в пиле: [np.float64(0.001), np.float64(0.001), np.float64(0.001), np.float64(0.001), np.float64(0.001), np.float64(0.001), np.float64(0.001), np.float64(0.001), np.float64(0.001), np.float64(0.001), np.float64(0.001), np.float64(0.001), np.float64(0.001), np.float64(0.001), np.float64(0.001), np.float64(0.001), np.float64(0.0026449999999999998), np.float64(0.001), np.float64(0.001), np.float64(0.001)]
[2026-04-06 15:38:16] INFO - Значения score: [np.float64(0.9504144724464249), np.float64(0.9515644155557009), np.float64(0.9533843582915897), np.float64(0.9565496154907356), np.float64(0.954307031882762), np.float64(0.9404747563944591), np.float64(0.8773499572988293), np.float64(0.8715425744414512), np.float64(0.8959227440315513), np.float64(0.9081776866757374), np.float64(0.9148709006165076), np.float64(0.926083180611676), np.float64(0.900411969786335), np.float64(0.8651613692364645), np.float64(0.8544467385535108), np.float64(0.7901536733394162), np.float64(0.6595431630450497), np.float64(0.6450634645076533), np.float64(0.8285336100901829), np.float64(0.9225651203710655)]
[2026-04-06 15:38:16] INFO - estimated_period = 0.001
[2026-04-06 15:38:16] WARNING - Гармоническое отношение: 0.0839 (8.39%) | weak harmonic (почти синус / мало гармоник)
[2026-04-06 15:38:16] INFO - Пиковость спектра: 26.78
[2026-04-06 15:38:16] INFO - Автокорреляция: 0.878
[2026-04-06 15:38:16] INFO - Отклонение от 1/n: 1.421
[2026-04-06 15:38:16] INFO - has saw = True
[2026-04-06 15:38:16] INFO - fft_ratio = 0.0838587663080406
[2026-04-06 15:38:16] INFO - Sawtooth detected: True
[2026-04-06 15:38:16] INFO - Estimated sawtooth period: 1.000000e-03 s
[2026-04-06 15:38:16] INFO - Wavelet-based reset detection...
[2026-04-06 15:38:16] INFO - Карта периодов в пиле: [np.float64(0.001), np.float64(0.001), np.float64(0.001), np.float64(0.001), np.float64(0.001), np.float64(0.001), np.float64(0.001), np.float64(0.001), np.float64(0.001), np.float64(0.001), np.float64(0.001), np.float64(0.001), np.float64(0.001), np.float64(0.001), np.float64(0.001), np.float64(0.001), np.float64(0.0026449999999999998), np.float64(0.001), np.float64(0.001), np.float64(0.001)]
[2026-04-06 15:38:16] INFO - Значения score: [np.float64(0.9504144724464249), np.float64(0.9515644155557009), np.float64(0.9533843582915897), np.float64(0.9565496154907356), np.float64(0.954307031882762), np.float64(0.9404747563944591), np.float64(0.8773499572988293), np.float64(0.8715425744414512), np.float64(0.8959227440315513), np.float64(0.9081776866757374), np.float64(0.9148709006165076), np.float64(0.926083180611676), np.float64(0.900411969786335), np.float64(0.8651613692364645), np.float64(0.8544467385535108), np.float64(0.7901536733394162), np.float64(0.6595431630450497), np.float64(0.6450634645076533), np.float64(0.8285336100901829), np.float64(0.9225651203710655)]
[2026-04-06 15:38:16] INFO - Energy threshold=1.0285
[2026-04-06 15:38:16] INFO - Raw detected peaks=20
[2026-04-06 15:38:16] INFO - Applying edge margin: 0.50 ms (500 samples)
[2026-04-06 15:38:16] INFO - Peaks after edge filtering: 20
[2026-04-06 15:38:16] INFO - Final detected reset count: 20
[2026-04-06 15:38:16] INFO - Detected reset times: [0.177044 0.182345 0.186533 0.190211 0.193845 0.194781 0.196911 0.199505
 0.201924 0.205105 0.207796 0.210401 0.212286 0.215022 0.217156 0.219449
 0.221798 0.223869 0.226194 0.228654]
[2026-04-06 15:38:19] INFO - Разряд: sht46358.SHT, толщина фольги: SXR 15 мкм
[2026-04-06 15:38:19] INFO - Loading sht46358.SHT from data/raw\sht46358.SHT
[2026-04-06 15:38:20] WARNING - Warning: channel SXR 27 мкм not found in file
[2026-04-06 15:38:20] INFO - Длина сигнала в отсчетах 393216
[2026-04-06 15:38:20] INFO - Channels successfully loaded.
[2026-04-06 15:38:20] INFO - Plasma interval: 0.120874 – 0.236291 s
[2026-04-06 15:38:20] INFO - Длина плазменного интервала в отсчетах: 115418
[2026-04-06 15:38:20] INFO - Проверка на наличие пилы...
[2026-04-06 15:38:20] INFO - Signal-to-noise ratio = 1.69
[2026-04-06 15:38:20] WARNING - SNR too low: 1.69 < 2
[2026-04-06 15:38:20] WARNING - No sawtooth regime detected: skipping wavelet detection.
[2026-04-06 15:38:20] INFO - Разряд: sht37622.SHT, толщина фольги: SXR 15 мкм
[2026-04-06 15:38:20] INFO - Loading sht37622.SHT from data/raw\sht37622.SHT
[2026-04-06 15:38:20] WARNING - Warning: channel SXR 127 мкм not found in file
[2026-04-06 15:38:20] INFO - Длина сигнала в отсчетах 262144
[2026-04-06 15:38:20] INFO - Channels successfully loaded.
[2026-04-06 15:38:20] INFO - Plasma interval: 0.116237 – 0.215863 s
[2026-04-06 15:38:20] INFO - Длина плазменного интервала в отсчетах: 99627
[2026-04-06 15:38:20] INFO - Проверка на наличие пилы...
[2026-04-06 15:38:20] INFO - Signal-to-noise ratio = 15.52
[2026-04-06 15:38:20] INFO - Карта периодов в пиле: [np.float64(0.001), np.float64(0.001), np.float64(0.001), np.float64(0.001), np.float64(0.001), np.float64(0.001), np.float64(0.001), np.float64(0.001), np.float64(0.001139), np.float64(0.001116), np.float64(0.001071), np.float64(0.0011489999999999998), np.float64(0.0011719999999999999), np.float64(0.0011799999999999998), np.float64(0.0011639999999999999), np.float64(0.0011409999999999999)]
[2026-04-06 15:38:20] INFO - Значения score: [np.float64(0.9513965012868179), np.float64(0.9547408855895204), np.float64(0.9603444435655424), np.float64(0.9518558881969226), np.float64(0.9066109125687498), np.float64(0.8047558439350495), np.float64(0.8996691962327149), np.float64(0.9236790844814426), np.float64(0.9245789281637788), np.float64(0.8943573949423882), np.float64(0.8586690522370085), np.float64(0.8252802409790114), np.float64(0.8202839758413418), np.float64(0.7564923804891847), np.float64(0.7222441531279588), np.float64(0.7061901613461969)]
[2026-04-06 15:38:20] INFO - estimated_period = 0.0010355
[2026-04-06 15:38:20] WARNING - Гармоническое отношение: 0.2939 (29.39%) | multi-harmonic (возможна пила)
[2026-04-06 15:38:20] INFO - Пиковость спектра: 12.63
[2026-04-06 15:38:20] INFO - Автокорреляция: 0.866
[2026-04-06 15:38:20] INFO - Отклонение от 1/n: 23.538
[2026-04-06 15:38:20] INFO - has saw = False
[2026-04-06 15:38:20] WARNING - No sawtooth detected.
[2026-04-06 15:38:20] WARNING - No sawtooth regime detected: skipping wavelet detection.
[2026-04-06 15:38:20] INFO - Разряд: sht37804.SHT, толщина фольги: SXR 15 мкм
[2026-04-06 15:38:20] INFO - Loading sht37804.SHT from data/raw\sht37804.SHT
[2026-04-06 15:38:20] WARNING - Warning: channel SXR 127 мкм not found in file
[2026-04-06 15:38:20] INFO - Длина сигнала в отсчетах 262144
[2026-04-06 15:38:20] INFO - Channels successfully loaded.
[2026-04-06 15:38:20] INFO - Plasma interval: 0.117009 – 0.204962 s
[2026-04-06 15:38:20] INFO - Длина плазменного интервала в отсчетах: 87954
[2026-04-06 15:38:20] INFO - Проверка на наличие пилы...
[2026-04-06 15:38:20] INFO - Signal-to-noise ratio = 6.66
[2026-04-06 15:38:20] INFO - Карта периодов в пиле: [np.float64(0.001), np.float64(0.001), np.float64(0.001), np.float64(0.001), np.float64(0.001), np.float64(0.001), np.float64(0.001), np.float64(0.001), np.float64(0.001019), np.float64(0.0010119999999999999), np.float64(0.001), np.float64(0.001), np.float64(0.001), np.float64(0.001065)]
[2026-04-06 15:38:20] INFO - Значения score: [np.float64(0.9511447949150518), np.float64(0.9538130758396112), np.float64(0.9574089876993437), np.float64(0.9521561137378435), np.float64(0.9309247813353335), np.float64(0.8774883451864175), np.float64(0.7260504785290266), np.float64(0.9174354420314079), np.float64(0.9634703730480663), np.float64(0.9629601410266462), np.float64(0.8977700330666275), np.float64(0.7884004298962843), np.float64(0.7224314284731573), np.float64(0.7974445688164333)]
[2026-04-06 15:38:20] INFO - estimated_period = 0.001
[2026-04-06 15:38:20] WARNING - Гармоническое отношение: 0.2831 (28.31%) | multi-harmonic (возможна пила)
[2026-04-06 15:38:20] INFO - Пиковость спектра: 15.00
[2026-04-06 15:38:20] INFO - Автокорреляция: 0.886
[2026-04-06 15:38:20] INFO - Отклонение от 1/n: 21.905
[2026-04-06 15:38:20] INFO - has saw = False
[2026-04-06 15:38:20] WARNING - No sawtooth detected.
[2026-04-06 15:38:20] WARNING - No sawtooth regime detected: skipping wavelet detection.
[2026-04-06 15:38:20] INFO - Разряд: sht37804.SHT, толщина фольги: SXR 50 mkm
[2026-04-06 15:38:20] INFO - Loading sht37804.SHT from data/raw\sht37804.SHT
[2026-04-06 15:38:21] WARNING - Warning: channel SXR 127 мкм not found in file
[2026-04-06 15:38:21] INFO - Длина сигнала в отсчетах 262144
[2026-04-06 15:38:21] INFO - Channels successfully loaded.
[2026-04-06 15:38:21] INFO - Plasma interval: 0.117009 – 0.204962 s
[2026-04-06 15:38:21] INFO - Длина плазменного интервала в отсчетах: 87954
[2026-04-06 15:38:21] INFO - Проверка на наличие пилы...
[2026-04-06 15:38:21] INFO - Signal-to-noise ratio = 4.41
[2026-04-06 15:38:21] INFO - Карта периодов в пиле: [np.float64(0.001), np.float64(0.001), np.float64(0.0031569999999999997), np.float64(0.001), np.float64(0.003137), np.float64(0.0032189999999999996), np.float64(0.001), np.float64(0.001), np.float64(0.001), np.float64(0.001), np.float64(0.001), np.float64(0.001), np.float64(0.001), np.float64(0.001)]
[2026-04-06 15:38:21] INFO - Значения score: [np.float64(0.833013381091619), np.float64(0.49728504818363245), np.float64(0.37951420633211297), np.float64(0.35091018025772686), np.float64(0.5190578210221509), np.float64(0.573654614283746), np.float64(0.7115814584269419), np.float64(0.8296976792039108), np.float64(0.8676370991889969), np.float64(0.8994088113394199), np.float64(0.8565968416823452), np.float64(0.8534211410135548), np.float64(0.9224871857765615), np.float64(0.5633776831888818)]
[2026-04-06 15:38:21] INFO - estimated_period = 0.001
[2026-04-06 15:38:21] WARNING - Гармоническое отношение: 0.2211 (22.11%) | multi-harmonic (возможна пила)
[2026-04-06 15:38:21] INFO - Пиковость спектра: 12.53
[2026-04-06 15:38:21] INFO - Автокорреляция: 0.690
[2026-04-06 15:38:21] INFO - Отклонение от 1/n: 4.442
[2026-04-06 15:38:21] INFO - has saw = False
[2026-04-06 15:38:21] WARNING - No sawtooth detected.
[2026-04-06 15:38:21] WARNING - No sawtooth regime detected: skipping wavelet detection.
